Archive member included to satisfy reference by file (symbol)

C:/ST/STM32CubeIDE_1.14.0/STM32CubeIDE/plugins/com.st.stm32cube.ide.mcu.externaltools.gnu-tools-for-stm32.11.3.rel1.win32_1.1.100.202309141235/tools/bin/../lib/gcc/arm-none-eabi/11.3.1/../../../../arm-none-eabi/lib/thumb/v7e-m+fp/hard\libc_nano.a(libc_a-exit.o)
                              C:/ST/STM32CubeIDE_1.14.0/STM32CubeIDE/plugins/com.st.stm32cube.ide.mcu.externaltools.gnu-tools-for-stm32.11.3.rel1.win32_1.1.100.202309141235/tools/bin/../lib/gcc/arm-none-eabi/11.3.1/../../../../arm-none-eabi/lib/thumb/v7e-m+fp/hard/crt0.o (exit)
C:/ST/STM32CubeIDE_1.14.0/STM32CubeIDE/plugins/com.st.stm32cube.ide.mcu.externaltools.gnu-tools-for-stm32.11.3.rel1.win32_1.1.100.202309141235/tools/bin/../lib/gcc/arm-none-eabi/11.3.1/../../../../arm-none-eabi/lib/thumb/v7e-m+fp/hard\libc_nano.a(libc_a-findfp.o)
                              C:/ST/STM32CubeIDE_1.14.0/STM32CubeIDE/plugins/com.st.stm32cube.ide.mcu.externaltools.gnu-tools-for-stm32.11.3.rel1.win32_1.1.100.202309141235/tools/bin/../lib/gcc/arm-none-eabi/11.3.1/../../../../arm-none-eabi/lib/thumb/v7e-m+fp/hard\libc_nano.a(libc_a-exit.o) (__stdio_exit_handler)
C:/ST/STM32CubeIDE_1.14.0/STM32CubeIDE/plugins/com.st.stm32cube.ide.mcu.externaltools.gnu-tools-for-stm32.11.3.rel1.win32_1.1.100.202309141235/tools/bin/../lib/gcc/arm-none-eabi/11.3.1/../../../../arm-none-eabi/lib/thumb/v7e-m+fp/hard\libc_nano.a(libc_a-fwalk.o)
                              C:/ST/STM32CubeIDE_1.14.0/STM32CubeIDE/plugins/com.st.stm32cube.ide.mcu.externaltools.gnu-tools-for-stm32.11.3.rel1.win32_1.1.100.202309141235/tools/bin/../lib/gcc/arm-none-eabi/11.3.1/../../../../arm-none-eabi/lib/thumb/v7e-m+fp/hard\libc_nano.a(libc_a-findfp.o) (_fwalk_sglue)
C:/ST/STM32CubeIDE_1.14.0/STM32CubeIDE/plugins/com.st.stm32cube.ide.mcu.externaltools.gnu-tools-for-stm32.11.3.rel1.win32_1.1.100.202309141235/tools/bin/../lib/gcc/arm-none-eabi/11.3.1/../../../../arm-none-eabi/lib/thumb/v7e-m+fp/hard\libc_nano.a(libc_a-stdio.o)
                              C:/ST/STM32CubeIDE_1.14.0/STM32CubeIDE/plugins/com.st.stm32cube.ide.mcu.externaltools.gnu-tools-for-stm32.11.3.rel1.win32_1.1.100.202309141235/tools/bin/../lib/gcc/arm-none-eabi/11.3.1/../../../../arm-none-eabi/lib/thumb/v7e-m+fp/hard\libc_nano.a(libc_a-findfp.o) (__sread)
C:/ST/STM32CubeIDE_1.14.0/STM32CubeIDE/plugins/com.st.stm32cube.ide.mcu.externaltools.gnu-tools-for-stm32.11.3.rel1.win32_1.1.100.202309141235/tools/bin/../lib/gcc/arm-none-eabi/11.3.1/../../../../arm-none-eabi/lib/thumb/v7e-m+fp/hard\libc_nano.a(libc_a-memset.o)
                              C:/ST/STM32CubeIDE_1.14.0/STM32CubeIDE/plugins/com.st.stm32cube.ide.mcu.externaltools.gnu-tools-for-stm32.11.3.rel1.win32_1.1.100.202309141235/tools/bin/../lib/gcc/arm-none-eabi/11.3.1/../../../../arm-none-eabi/lib/thumb/v7e-m+fp/hard/crt0.o (memset)
C:/ST/STM32CubeIDE_1.14.0/STM32CubeIDE/plugins/com.st.stm32cube.ide.mcu.externaltools.gnu-tools-for-stm32.11.3.rel1.win32_1.1.100.202309141235/tools/bin/../lib/gcc/arm-none-eabi/11.3.1/../../../../arm-none-eabi/lib/thumb/v7e-m+fp/hard\libc_nano.a(libc_a-closer.o)
                              C:/ST/STM32CubeIDE_1.14.0/STM32CubeIDE/plugins/com.st.stm32cube.ide.mcu.externaltools.gnu-tools-for-stm32.11.3.rel1.win32_1.1.100.202309141235/tools/bin/../lib/gcc/arm-none-eabi/11.3.1/../../../../arm-none-eabi/lib/thumb/v7e-m+fp/hard\libc_nano.a(libc_a-stdio.o) (_close_r)
C:/ST/STM32CubeIDE_1.14.0/STM32CubeIDE/plugins/com.st.stm32cube.ide.mcu.externaltools.gnu-tools-for-stm32.11.3.rel1.win32_1.1.100.202309141235/tools/bin/../lib/gcc/arm-none-eabi/11.3.1/../../../../arm-none-eabi/lib/thumb/v7e-m+fp/hard\libc_nano.a(libc_a-reent.o)
                              C:/ST/STM32CubeIDE_1.14.0/STM32CubeIDE/plugins/com.st.stm32cube.ide.mcu.externaltools.gnu-tools-for-stm32.11.3.rel1.win32_1.1.100.202309141235/tools/bin/../lib/gcc/arm-none-eabi/11.3.1/../../../../arm-none-eabi/lib/thumb/v7e-m+fp/hard\libc_nano.a(libc_a-closer.o) (errno)
C:/ST/STM32CubeIDE_1.14.0/STM32CubeIDE/plugins/com.st.stm32cube.ide.mcu.externaltools.gnu-tools-for-stm32.11.3.rel1.win32_1.1.100.202309141235/tools/bin/../lib/gcc/arm-none-eabi/11.3.1/../../../../arm-none-eabi/lib/thumb/v7e-m+fp/hard\libc_nano.a(libc_a-impure.o)
                              C:/ST/STM32CubeIDE_1.14.0/STM32CubeIDE/plugins/com.st.stm32cube.ide.mcu.externaltools.gnu-tools-for-stm32.11.3.rel1.win32_1.1.100.202309141235/tools/bin/../lib/gcc/arm-none-eabi/11.3.1/../../../../arm-none-eabi/lib/thumb/v7e-m+fp/hard\libc_nano.a(libc_a-reent.o) (_impure_ptr)
C:/ST/STM32CubeIDE_1.14.0/STM32CubeIDE/plugins/com.st.stm32cube.ide.mcu.externaltools.gnu-tools-for-stm32.11.3.rel1.win32_1.1.100.202309141235/tools/bin/../lib/gcc/arm-none-eabi/11.3.1/../../../../arm-none-eabi/lib/thumb/v7e-m+fp/hard\libc_nano.a(libc_a-lseekr.o)
[...]
Memory Configuration

Name             Origin             Length             Attributes
RAM              0x0000000020000000 0x0000000000004000 xrw
FLASH            0x0000000008000000 0x0000000000010000 xr
*default*        0x0000000000000000 0xffffffffffffffff

Linker script and memory map

LOAD C:/ST/STM32CubeIDE_1.14.0/STM32CubeIDE/plugins/com.st.stm32cube.ide.mcu.externaltools.gnu-tools-for-stm32.11.3.rel1.win32_1.1.100.202309141235/tools/bin/../lib/gcc/arm-none-eabi/11.3.1/thumb/v7e-m+fp/hard/crti.o
LOAD C:/ST/STM32CubeIDE_1.14.0/STM32CubeIDE/plugins/com.st.stm32cube.ide.mcu.externaltools.gnu-tools-for-stm32.11.3.rel1.win32_1.1.100.202309141235/tools/bin/../lib/gcc/arm-none-eabi/11.3.1/thumb/v7e-m+fp/hard/crtbegin.o
LOAD C:/ST/STM32CubeIDE_1.14.0/STM32CubeIDE/plugins/com.st.stm32cube.ide.mcu.externaltools.gnu-tools-for-stm32.11.3.rel1.win32_1.1.100.202309141235/tools/bin/../lib/gcc/arm-none-eabi/11.3.1/../../../../arm-none-eabi/lib/thumb/v7e-m+fp/hard/crt0.o
LOAD ./App/Src/App.o
LOAD ./App/Src/FLASH_Handler.o
LOAD ./App/Src/MLX90621_API.o
LOAD ./App/Src/MLX90621_I2C_Driver.o
LOAD ./Core/Src/can.o
LOAD ./Core/Src/gpio.o
LOAD ./Core/Src/i2c.o
LOAD ./Core/Src/main.o
LOAD ./Core/Src/stm32f3xx_hal_msp.o
LOAD ./Core/Src/stm32f3xx_it.o
LOAD ./Core/Src/syscalls.o
LOAD ./Core/Src/sysmem.o
LOAD ./Core/Src/system_stm32f3xx.o
LOAD ./Core/Startup/startup_stm32f302k8ux.o
LOAD ./Drivers/CAN_LIB/src/CAN_FIFO.o
LOAD ./Drivers/CAN_LIB/src/CAN_LIB.o
LOAD ./Drivers/CAN_LIB/src/CAN_LIB_HW.o
LOAD ./Drivers/STM32F3xx_HAL_Driver/Src/stm32f3xx_hal.o
LOAD ./Drivers/STM32F3xx_HAL_Driver/Src/stm32f3xx_hal_can.o
LOAD ./Drivers/STM32F3xx_HAL_Driver/Src/stm32f3xx_hal_cortex.o
LOAD ./Drivers/STM32F3xx_HAL_Driver/Src/stm32f3xx_hal_dma.o
LOAD ./Drivers/STM32F3xx_HAL_Driver/Src/stm32f3xx_hal_exti.o
LOAD ./Drivers/STM32F3xx_HAL_Driver/Src/stm32f3xx_hal_flash.o
LOAD ./Drivers/STM32F3xx_HAL_Driver/Src/stm32f3xx_hal_flash_ex.o
LOAD ./Drivers/STM32F3xx_HAL_Driver/Src/stm32f3xx_hal_gpio.o
LOAD ./Drivers/STM32F3xx_HAL_Driver/Src/stm32f3xx_hal_i2c.o
LOAD ./Drivers/STM32F3xx_HAL_Driver/Src/stm32f3xx_hal_i2c_ex.o
LOAD ./Drivers/STM32F3xx_HAL_Driver/Src/stm32f3xx_hal_pwr.o
LOAD ./Drivers/STM32F3xx_HAL_Driver/Src/stm32f3xx_hal_pwr_ex.o
LOAD ./Drivers/STM32F3xx_HAL_Driver/Src/stm32f3xx_hal_rcc.o
LOAD ./Drivers/STM32F3xx_HAL_Driver/Src/stm32f3xx_hal_rcc_ex.o
LOAD ./Drivers/STM32F3xx_HAL_Driver/Src/stm32f3xx_hal_tim.o
LOAD ./Drivers/STM32F3xx_HAL_Driver/Src/stm32f3xx_hal_tim_ex.o
START GROUP
LOAD C:/ST/STM32CubeIDE_1.14.0/STM32CubeIDE/plugins/com.st.stm32cube.ide.mcu.externaltools.gnu-tools-for-stm32.11.3.rel1.win32_1.1.100.202309141235/tools/bin/../lib/gcc/arm-none-eabi/11.3.1/../../../../arm-none-eabi/lib/thumb/v7e-m+fp/hard\libc_nano.a
LOAD C:/ST/STM32CubeIDE_1.14.0/STM32CubeIDE/plugins/com.st.stm32cube.ide.mcu.externaltools.gnu-tools-for-stm32.11.3.rel1.win32_1.1.100.202309141235/tools/bin/../lib/gcc/arm-none-eabi/11.3.1/../../../../arm-none-eabi/lib/thumb/v7e-m+fp/hard\libm.a
END GROUP
START GROUP
LOAD C:/ST/STM32CubeIDE_1.14.0/STM32CubeIDE/plugins/com.st.stm32cube.ide.mcu.externaltools.gnu-tools-for-stm32.11.3.rel1.win32_1.1.100.202309141235/tools/bin/../lib/gcc/arm-none-eabi/11.3.1/thumb/v7e-m+fp/hard\libgcc.a
LOAD C:/ST/STM32CubeIDE_1.14.0/STM32CubeIDE/plugins/com.st.stm32cube.ide.mcu.externaltools.gnu-tools-for-stm32.11.3.rel1.win32_1.1.100.202309141235/tools/bin/../lib/gcc/arm-none-eabi/11.3.1/../../../../arm-none-eabi/lib/thumb/v7e-m+fp/hard\libc_nano.a
END GROUP
START GROUP
LOAD C:/ST/STM32CubeIDE_1.14.0/STM32CubeIDE/plugins/com.st.stm32cube.ide.mcu.externaltools.gnu-tools-for-stm32.11.3.rel1.win32_1.1.100.202309141235/tools/bin/../lib/gcc/arm-none-eabi/11.3.1/thumb/v7e-m+fp/hard\libgcc.a
LOAD C:/ST/STM32CubeIDE_1.14.0/STM32CubeIDE/plugins/com.st.stm32cube.ide.mcu.externaltools.gnu-tools-for-stm32.11.3.rel1.win32_1.1.100.202309141235/tools/bin/../lib/gcc/arm-none-eabi/11.3.1/../../../../arm-none-eabi/lib/thumb/v7e-m+fp/hard\libc_nano.a
LOAD C:/ST/STM32CubeIDE_1.14.0/STM32CubeIDE/plugins/com.st.stm32cube.ide.mcu.externaltools.gnu-tools-for-stm32.11.3.rel1.win32_1.1.100.202309141235/tools/bin/../lib/gcc/arm-none-eabi/11.3.1/../../../../arm-none-eabi/lib/thumb/v7e-m+fp/hard\libnosys.a
END GROUP
START GROUP
LOAD C:/ST/STM32CubeIDE_1.14.0/STM32CubeIDE/plugins/com.st.stm32cube.ide.mcu.externaltools.gnu-tools-for-stm32.11.3.rel1.win32_1.1.100.202309141235/tools/bin/../lib/gcc/arm-none-eabi/11.3.1/thumb/v7e-m+fp/hard\libgcc.a
LOAD C:/ST/STM32CubeIDE_1.14.0/STM32CubeIDE/plugins/com.st.stm32cube.ide.mcu.externaltools.gnu-tools-for-stm32.11.3.rel1.win32_1.1.100.202309141235/tools/bin/../lib/gcc/arm-none-eabi/11.3.1/../../../../arm-none-eabi/lib/thumb/v7e-m+fp/hard\libc_nano.a
LOAD C:/ST/STM32CubeIDE_1.14.0/STM32CubeIDE/plugins/com.st.stm32cube.ide.mcu.externaltools.gnu-tools-for-stm32.11.3.rel1.win32_1.1.100.202309141235/tools/bin/../lib/gcc/arm-none-eabi/11.3.1/../../../../arm-none-eabi/lib/thumb/v7e-m+fp/hard\libnosys.a
END GROUP
LOAD C:/ST/STM32CubeIDE_1.14.0/STM32CubeIDE/plugins/com.st.stm32cube.ide.mcu.externaltools.gnu-tools-for-stm32.11.3.rel1.win32_1.1.100.202309141235/tools/bin/../lib/gcc/arm-none-eabi/11.3.1/thumb/v7e-m+fp/hard/crtend.o
LOAD C:/ST/STM32CubeIDE_1.14.0/STM32CubeIDE/plugins/com.st.stm32cube.ide.mcu.externaltools.gnu-tools-for-stm32.11.3.rel1.win32_1.1.100.202309141235/tools/bin/../lib/gcc/arm-none-eabi/11.3.1/thumb/v7e-m+fp/hard/crtn.o
                0x0000000020004000                _estack = (ORIGIN (RAM) + LENGTH (RAM))
                0x0000000000000200                _Min_Heap_Size = 0x200
                0x0000000000000400                _Min_Stack_Size = 0x400

.isr_vector     0x0000000008000000      0x188
                0x0000000008000000                . = ALIGN (0x4)
 *(.isr_vector)
 .isr_vector    0x0000000008000000      0x188 ./Core/Startup/startup_stm32f302k8ux.o
                0x0000000008000000                g_pfnVectors
                0x0000000008000188                . = ALIGN (0x4)

.text           0x0000000008000188     0x8284
                0x0000000008000188                . = ALIGN (0x4)
 *(.text)
 .text          0x0000000008000188       0x40 C:/ST/STM32CubeIDE_1.14.0/STM32CubeIDE/plugins/com.st.stm32cube.ide.mcu.externaltools.gnu-tools-for-stm32.11.3.rel1.win32_1.1.100.202309141235/tools/bin/../lib/gcc/arm-none-eabi/11.3.1/thumb/v7e-m+fp/hard/crtbegin.o
 .text          0x00000000080001c8      0x378 C:/ST/STM32CubeIDE_1.14.0/STM32CubeIDE/plugins/com.st.stm32cube.ide.mcu.externaltools.gnu-tools-for-stm32.11.3.rel1.win32_1.1.100.202309141235/tools/bin/../lib/gcc/arm-none-eabi/11.3.1/thumb/v7e-m+fp/hard\libgcc.a(_arm_addsubdf3.o)
                0x00000000080001c8                __aeabi_drsub
                0x00000000080001d0                __aeabi_dsub
                0x00000000080001d0                __subdf3
                0x00000000080001d4                __aeabi_dadd
                0x00000000080001d4                __adddf3
                0x000000000800044c                __floatunsidf
                0x000000000800044c                __aeabi_ui2d
                0x000000000800046c                __floatsidf
                0x000000000800046c                __aeabi_i2d
                0x0000000008000490                __aeabi_f2d
                0x0000000008000490                __extendsfdf2
                0x00000000080004d4                __floatundidf
                0x00000000080004d4                __aeabi_ul2d
                0x00000000080004e4                __floatdidf
                0x00000000080004e4                __aeabi_l2d
 .text          0x0000000008000540      0x424 C:/ST/STM32CubeIDE_1.14.0/STM32CubeIDE/plugins/com.st.stm32cube.ide.mcu.externaltools.gnu-tools-for-stm32.11.3.rel1.win32_1.1.100.202309141235/tools/bin/../lib/gcc/arm-none-eabi/11.3.1/thumb/v7e-m+fp/hard\libgcc.a(_arm_muldivdf3.o)
                0x0000000008000540                __aeabi_dmul
                0x0000000008000540                __muldf3
                0x0000000008000794                __divdf3
                0x0000000008000794                __aeabi_ddiv
 .text          0x0000000008000964      0x110 C:/ST/STM32CubeIDE_1.14.0/STM32CubeIDE/plugins/com.st.stm32cube.ide.mcu.externaltools.gnu-tools-for-stm32.11.3.rel1.win32_1.1.100.202309141235/tools/bin/../lib/gcc/arm-none-eabi/11.3.1/thumb/v7e-m+fp/hard\libgcc.a(_arm_cmpdf2.o)
                0x0000000008000964                __gtdf2
                0x0000000008000964                __gedf2
                0x000000000800096c                __ltdf2
                0x000000000800096c                __ledf2
                0x0000000008000974                __nedf2
                0x0000000008000974                __eqdf2
                0x0000000008000974                __cmpdf2
                0x00000000080009f0                __aeabi_cdrcmple
                0x0000000008000a00                __aeabi_cdcmpeq
                0x0000000008000a00                __aeabi_cdcmple
                0x0000000008000a10                __aeabi_dcmpeq
                0x0000000008000a24                __aeabi_dcmplt
                0x0000000008000a38                __aeabi_dcmple
                0x0000000008000a4c                __aeabi_dcmpge
                0x0000000008000a60                __aeabi_dcmpgt
 .text          0x0000000008000a74       0x2c C:/ST/STM32CubeIDE_1.14.0/STM32CubeIDE/plugins/com.st.stm32cube.ide.mcu.externaltools.gnu-tools-for-stm32.11.3.rel1.win32_1.1.100.202309141235/tools/bin/../lib/gcc/arm-none-eabi/11.3.1/thumb/v7e-m+fp/hard\libgcc.a(_arm_unorddf2.o)
                0x0000000008000a74                __unorddf2
                0x0000000008000a74                __aeabi_dcmpun
 .text          0x0000000008000aa0       0xa0 C:/ST/STM32CubeIDE_1.14.0/STM32CubeIDE/plugins/com.st.stm32cube.ide.mcu.externaltools.gnu-tools-for-stm32.11.3.rel1.win32_1.1.100.202309141235/tools/bin/../lib/gcc/arm-none-eabi/11.3.1/thumb/v7e-m+fp/hard\libgcc.a(_arm_truncdfsf2.o)
                0x0000000008000aa0                __truncdfsf2
                0x0000000008000aa0                __aeabi_d2f
 *(.text*)
 .text.App_Init
                0x0000000008000b40       0x40 ./App/Src/App.o
                0x0000000008000b40                App_Init
 .text.InitFunc
                0x0000000008000b80      0x154 ./App/Src/App.o
                0x0000000008000b80                InitFunc
 .text.OpFunc   0x0000000008000cd4      0x1ac ./App/Src/App.o
                0x0000000008000cd4                OpFunc
 .text.CalibFunc
                0x0000000008000e80      0x1dc ./App/Src/App.o
                0x0000000008000e80                CalibFunc
 .text.ParseCalibData
                0x000000000800105c       0x98 ./App/Src/App.o
                0x000000000800105c                ParseCalibData
 .text.AvreageTemp
                0x00000000080010f4       0x78 ./App/Src/App.o
                0x00000000080010f4                AvreageTemp
 .text.GetPage  0x000000000800116c       0x52 ./App/Src/FLASH_Handler.o
 *fill*         0x00000000080011be        0x2 
 .text.Flash_Write_Data
                0x00000000080011c0       0xb8 ./App/Src/FLASH_Handler.o
                0x00000000080011c0                Flash_Write_Data
 .text.Flash_Read_Data
                0x0000000008001278       0x3c ./App/Src/FLASH_Handler.o
                0x0000000008001278                Flash_Read_Data
 .text.MLX90621_DumpEE
                0x00000000080012b4       0x20 ./App/Src/MLX90621_API.o
                0x00000000080012b4                MLX90621_DumpEE
 .text.MLX90621_GetFrameData
                0x00000000080012d4       0x2c ./App/Src/MLX90621_API.o
                0x00000000080012d4                MLX90621_GetFrameData
 .text.MLX90621_Configure
                0x0000000008001300       0x62 ./App/Src/MLX90621_API.o
                0x0000000008001300                MLX90621_Configure
 .text.MLX90621_GetConfiguration
                0x0000000008001362       0x2c ./App/Src/MLX90621_API.o
                0x0000000008001362                MLX90621_GetConfiguration
 .text.MLX90621_ExtractParameters
                0x000000000800138e       0x48 ./App/Src/MLX90621_API.o
                0x000000000800138e                MLX90621_ExtractParameters
 .text.MLX90621_GetCurResolution
                0x00000000080013d6       0x2e ./App/Src/MLX90621_API.o
                0x00000000080013d6                MLX90621_GetCurResolution
 .text.MLX90621_SetRefreshRate
                0x0000000008001404       0x4e ./App/Src/MLX90621_API.o
                0x0000000008001404                MLX90621_SetRefreshRate
 .text.MLX90621_GetRefreshRate
                0x0000000008001452       0x2c ./App/Src/MLX90621_API.o
                0x0000000008001452                MLX90621_GetRefreshRate
 *fill*         0x000000000800147e        0x2 
 .text.MLX90621_CalculateTo
                0x0000000008001480      0x384 ./App/Src/MLX90621_API.o
                0x0000000008001480                MLX90621_CalculateTo
 .text.MLX90621_GetTa
                0x0000000008001804      0x108 ./App/Src/MLX90621_API.o
                0x0000000008001804                MLX90621_GetTa
 .text.ExtractPTATParameters
                0x000000000800190c      0x144 ./App/Src/MLX90621_API.o
                0x000000000800190c                ExtractPTATParameters
 .text.ExtractTgcParameters
                0x0000000008001a50       0x3c ./App/Src/MLX90621_API.o
                0x0000000008001a50                ExtractTgcParameters
 .text.ExtractKsTaParameters
                0x0000000008001a8c       0x78 ./App/Src/MLX90621_API.o
                0x0000000008001a8c                ExtractKsTaParameters
 .text.ExtractKsToParameters
                0x0000000008001b04       0x8c ./App/Src/MLX90621_API.o
                0x0000000008001b04                ExtractKsToParameters
 .text.ExtractAlphaParameters
                0x0000000008001b90      0x180 ./App/Src/MLX90621_API.o
                0x0000000008001b90                ExtractAlphaParameters
 .text.ExtractOffsetParameters
                0x0000000008001d10      0x218 ./App/Src/MLX90621_API.o
                0x0000000008001d10                ExtractOffsetParameters
 .text.MLX90621_I2CReadEEPROM
                0x0000000008001f28       0x60 ./App/Src/MLX90621_I2C_Driver.o
                0x0000000008001f28                MLX90621_I2CReadEEPROM
 .text.MLX90621_I2CRead
                0x0000000008001f88       0x3e ./App/Src/MLX90621_I2C_Driver.o
                0x0000000008001f88                MLX90621_I2CRead
 *fill*         0x0000000008001fc6        0x2 
 .text.MLX90621_I2CRead_Polling
                0x0000000008001fc8       0xe4 ./App/Src/MLX90621_I2C_Driver.o
 .text.MLX90621_I2CWrite
                0x00000000080020ac       0xbc ./App/Src/MLX90621_I2C_Driver.o
                0x00000000080020ac                MLX90621_I2CWrite
 .text.MX_CAN_Init
                0x0000000008002168       0x6c ./Core/Src/can.o
                0x0000000008002168                MX_CAN_Init
 .text.HAL_CAN_MspInit
                0x00000000080021d4       0xc8 ./Core/Src/can.o
                0x00000000080021d4                HAL_CAN_MspInit
 .text.MX_GPIO_Init
                0x000000000800229c       0x94 ./Core/Src/gpio.o
                0x000000000800229c                MX_GPIO_Init
 .text.MX_I2C1_Init
                0x0000000008002330       0x80 ./Core/Src/i2c.o
                0x0000000008002330                MX_I2C1_Init
 .text.HAL_I2C_MspInit
                0x00000000080023b0       0xe4 ./Core/Src/i2c.o
                0x00000000080023b0                HAL_I2C_MspInit
 .text.main     0x0000000008002494       0x1e ./Core/Src/main.o
                0x0000000008002494                main
 .text.SystemClock_Config
                0x00000000080024b2       0xb8 ./Core/Src/main.o
                0x00000000080024b2                SystemClock_Config
 .text.Error_Handler
                0x000000000800256a        0xa ./Core/Src/main.o
                0x000000000800256a                Error_Handler
 .text.HAL_MspInit
                0x0000000008002574       0x48 ./Core/Src/stm32f3xx_hal_msp.o
                0x0000000008002574                HAL_MspInit
 .text.NMI_Handler
                0x00000000080025bc        0x6 ./Core/Src/stm32f3xx_it.o
                0x00000000080025bc                NMI_Handler
 .text.HardFault_Handler
                0x00000000080025c2        0x6 ./Core/Src/stm32f3xx_it.o
                0x00000000080025c2                HardFault_Handler
 .text.MemManage_Handler
                0x00000000080025c8        0x6 ./Core/Src/stm32f3xx_it.o
                0x00000000080025c8                MemManage_Handler
 .text.BusFault_Handler
                0x00000000080025ce        0x6 ./Core/Src/stm32f3xx_it.o
                0x00000000080025ce                BusFault_Handler
 .text.UsageFault_Handler
                0x00000000080025d4        0x6 ./Core/Src/stm32f3xx_it.o
                0x00000000080025d4                UsageFault_Handler
 .text.SVC_Handler
                0x00000000080025da        0xe ./Core/Src/stm32f3xx_it.o
                0x00000000080025da                SVC_Handler
 .text.DebugMon_Handler
                0x00000000080025e8        0xe ./Core/Src/stm32f3xx_it.o
                0x00000000080025e8                DebugMon_Handler
 .text.PendSV_Handler
                0x00000000080025f6        0xe ./Core/Src/stm32f3xx_it.o
                0x00000000080025f6                PendSV_Handler
 .text.SysTick_Handler
                0x0000000008002604        0xc ./Core/Src/stm32f3xx_it.o
                0x0000000008002604                SysTick_Handler
 .text.USB_HP_CAN_TX_IRQHandler
                0x0000000008002610       0x14 ./Core/Src/stm32f3xx_it.o
                0x0000000008002610                USB_HP_CAN_TX_IRQHandler
 .text.USB_LP_CAN_RX0_IRQHandler
                0x0000000008002624       0x14 ./Core/Src/stm32f3xx_it.o
                0x0000000008002624                USB_LP_CAN_RX0_IRQHandler
 .text.CAN_RX1_IRQHandler
                0x0000000008002638       0x14 ./Core/Src/stm32f3xx_it.o
                0x0000000008002638                CAN_RX1_IRQHandler
 .text.CAN_SCE_IRQHandler
                0x000000000800264c       0x14 ./Core/Src/stm32f3xx_it.o
                0x000000000800264c                CAN_SCE_IRQHandler
 .text.I2C1_EV_IRQHandler
                0x0000000008002660       0x14 ./Core/Src/stm32f3xx_it.o
                0x0000000008002660                I2C1_EV_IRQHandler
 .text.I2C1_ER_IRQHandler
                0x0000000008002674       0x14 ./Core/Src/stm32f3xx_it.o
                0x0000000008002674                I2C1_ER_IRQHandler
 .text.SystemInit
                0x0000000008002688       0x24 ./Core/Src/system_stm32f3xx.o
                0x0000000008002688                SystemInit
 .text.Reset_Handler
                0x00000000080026ac       0x50 ./Core/Startup/startup_stm32f302k8ux.o
                0x00000000080026ac                Reset_Handler
 .text.Default_Handler
                0x00000000080026fc        0x2 ./Core/Startup/startup_stm32f302k8ux.o
                0x00000000080026fc                RTC_Alarm_IRQHandler
                0x00000000080026fc                TIM1_CC_IRQHandler
                0x00000000080026fc                USB_HP_IRQHandler
                0x00000000080026fc                PVD_IRQHandler
                0x00000000080026fc                TAMP_STAMP_IRQHandler
                0x00000000080026fc                EXTI3_IRQHandler
                0x00000000080026fc                I2C3_ER_IRQHandler
                0x00000000080026fc                EXTI0_IRQHandler
                0x00000000080026fc                I2C2_EV_IRQHandler
                0x00000000080026fc                FPU_IRQHandler
                0x00000000080026fc                TIM1_UP_TIM16_IRQHandler
                0x00000000080026fc                TIM6_DAC_IRQHandler
                0x00000000080026fc                DMA1_Channel4_IRQHandler
                0x00000000080026fc                ADC1_IRQHandler
                0x00000000080026fc                USART3_IRQHandler
                0x00000000080026fc                DMA1_Channel7_IRQHandler
                0x00000000080026fc                DMA1_Channel6_IRQHandler
                0x00000000080026fc                RCC_IRQHandler
                0x00000000080026fc                DMA1_Channel1_IRQHandler
                0x00000000080026fc                Default_Handler
                0x00000000080026fc                USBWakeUp_RMP_IRQHandler
                0x00000000080026fc                EXTI15_10_IRQHandler
                0x00000000080026fc                COMP2_IRQHandler
                0x00000000080026fc                I2C3_EV_IRQHandler
                0x00000000080026fc                EXTI9_5_IRQHandler
                0x00000000080026fc                RTC_WKUP_IRQHandler
                0x00000000080026fc                SPI2_IRQHandler
                0x00000000080026fc                DMA1_Channel5_IRQHandler
                0x00000000080026fc                USB_LP_IRQHandler
                0x00000000080026fc                EXTI4_IRQHandler
                0x00000000080026fc                TIM1_TRG_COM_TIM17_IRQHandler
                0x00000000080026fc                DMA1_Channel3_IRQHandler
                0x00000000080026fc                WWDG_IRQHandler
                0x00000000080026fc                TIM2_IRQHandler
                0x00000000080026fc                EXTI1_IRQHandler
                0x00000000080026fc                COMP4_6_IRQHandler
                0x00000000080026fc                USART2_IRQHandler
                0x00000000080026fc                I2C2_ER_IRQHandler
                0x00000000080026fc                DMA1_Channel2_IRQHandler
                0x00000000080026fc                FLASH_IRQHandler
                0x00000000080026fc                USART1_IRQHandler
                0x00000000080026fc                SPI3_IRQHandler
                0x00000000080026fc                USBWakeUp_IRQHandler
                0x00000000080026fc                EXTI2_TSC_IRQHandler
                0x00000000080026fc                TIM1_BRK_TIM15_IRQHandler
 *fill*         0x00000000080026fe        0x2 
 .text.CAN_FIFO_Add
                0x0000000008002700       0x98 ./Drivers/CAN_LIB/src/CAN_FIFO.o
                0x0000000008002700                CAN_FIFO_Add
 .text.CAN_FIFO_Get
                0x0000000008002798       0x70 ./Drivers/CAN_LIB/src/CAN_FIFO.o
                0x0000000008002798                CAN_FIFO_Get
 .text.CAN_FIFO_Flush
                0x0000000008002808       0x28 ./Drivers/CAN_LIB/src/CAN_FIFO.o
                0x0000000008002808                CAN_FIFO_Flush
 .text.CAN_Init
                0x0000000008002830       0x80 ./Drivers/CAN_LIB/src/CAN_LIB.o
                0x0000000008002830                CAN_Init
 .text.CAN_InitFrame
                0x00000000080028b0       0x58 ./Drivers/CAN_LIB/src/CAN_LIB.o
                0x00000000080028b0                CAN_InitFrame
 .text.FilterFrame
                0x0000000008002908       0x5c ./Drivers/CAN_LIB/src/CAN_LIB.o
                0x0000000008002908                FilterFrame
 .text.CAN_SendFrame
                0x0000000008002964       0x64 ./Drivers/CAN_LIB/src/CAN_LIB.o
                0x0000000008002964                CAN_SendFrame
 .text.CAN_ReceiveCallback
                0x00000000080029c8       0xc0 ./Drivers/CAN_LIB/src/CAN_LIB.o
                0x00000000080029c8                CAN_ReceiveCallback
 .text.CAN_TxCompleteCallback
                0x0000000008002a88       0x64 ./Drivers/CAN_LIB/src/CAN_LIB.o
                0x0000000008002a88                CAN_TxCompleteCallback
 .text.CAN_HW_Init
                0x0000000008002aec       0x98 ./Drivers/CAN_LIB/src/CAN_LIB_HW.o
                0x0000000008002aec                CAN_HW_Init
 .text.CAN_HW_SendFrame
                0x0000000008002b84       0xce ./Drivers/CAN_LIB/src/CAN_LIB_HW.o
                0x0000000008002b84                CAN_HW_SendFrame
 *fill*         0x0000000008002c52        0x2 
 .text.HAL_CAN_TxMailbox0CompleteCallback
                0x0000000008002c54       0x58 ./Drivers/CAN_LIB/src/CAN_LIB_HW.o
                0x0000000008002c54                HAL_CAN_TxMailbox0CompleteCallback
 .text.HAL_CAN_TxMailbox0AbortCallback
                0x0000000008002cac       0x58 ./Drivers/CAN_LIB/src/CAN_LIB_HW.o
                0x0000000008002cac                HAL_CAN_TxMailbox0AbortCallback
 .text.HAL_CAN_RxFifo0MsgPendingCallback
                0x0000000008002d04       0x36 ./Drivers/CAN_LIB/src/CAN_LIB_HW.o
                0x0000000008002d04                HAL_CAN_RxFifo0MsgPendingCallback
 .text.HAL_CAN_RxFifo0FullCallback
                0x0000000008002d3a       0x14 ./Drivers/CAN_LIB/src/CAN_LIB_HW.o
                0x0000000008002d3a                HAL_CAN_RxFifo0FullCallback
 *fill*         0x0000000008002d4e        0x2 
 .text.HAL_CAN_ErrorCallback
                0x0000000008002d50       0xc4 ./Drivers/CAN_LIB/src/CAN_LIB_HW.o
                0x0000000008002d50                HAL_CAN_ErrorCallback
 .text.HAL_Init
                0x0000000008002e14       0x2c ./Drivers/STM32F3xx_HAL_Driver/Src/stm32f3xx_hal.o
                0x0000000008002e14                HAL_Init
 .text.HAL_InitTick
                0x0000000008002e40       0x60 ./Drivers/STM32F3xx_HAL_Driver/Src/stm32f3xx_hal.o
                0x0000000008002e40                HAL_InitTick
 .text.HAL_IncTick
                0x0000000008002ea0       0x28 ./Drivers/STM32F3xx_HAL_Driver/Src/stm32f3xx_hal.o
                0x0000000008002ea0                HAL_IncTick
 .text.HAL_GetTick
                0x0000000008002ec8       0x18 ./Drivers/STM32F3xx_HAL_Driver/Src/stm32f3xx_hal.o
                0x0000000008002ec8                HAL_GetTick
 .text.HAL_Delay
                0x0000000008002ee0       0x48 ./Drivers/STM32F3xx_HAL_Driver/Src/stm32f3xx_hal.o
                0x0000000008002ee0                HAL_Delay
 .text.HAL_CAN_Init
                0x0000000008002f28      0x1f6 ./Drivers/STM32F3xx_HAL_Driver/Src/stm32f3xx_hal_can.o
                0x0000000008002f28                HAL_CAN_Init
 .text.HAL_CAN_ConfigFilter
                0x000000000800311e      0x194 ./Drivers/STM32F3xx_HAL_Driver/Src/stm32f3xx_hal_can.o
                0x000000000800311e                HAL_CAN_ConfigFilter
 .text.HAL_CAN_Start
                0x00000000080032b2       0x88 ./Drivers/STM32F3xx_HAL_Driver/Src/stm32f3xx_hal_can.o
                0x00000000080032b2                HAL_CAN_Start
 .text.HAL_CAN_GetRxMessage
                0x000000000800333a      0x244 ./Drivers/STM32F3xx_HAL_Driver/Src/stm32f3xx_hal_can.o
                0x000000000800333a                HAL_CAN_GetRxMessage
 .text.HAL_CAN_ActivateNotification
                0x000000000800357e       0x4c ./Drivers/STM32F3xx_HAL_Driver/Src/stm32f3xx_hal_can.o
                0x000000000800357e                HAL_CAN_ActivateNotification
 .text.HAL_CAN_IRQHandler
                0x00000000080035ca      0x36e ./Drivers/STM32F3xx_HAL_Driver/Src/stm32f3xx_hal_can.o
                0x00000000080035ca                HAL_CAN_IRQHandler
 .text.HAL_CAN_TxMailbox1CompleteCallback
                0x0000000008003938       0x14 ./Drivers/STM32F3xx_HAL_Driver/Src/stm32f3xx_hal_can.o
                0x0000000008003938                HAL_CAN_TxMailbox1CompleteCallback
 .text.HAL_CAN_TxMailbox2CompleteCallback
                0x000000000800394c       0x14 ./Drivers/STM32F3xx_HAL_Driver/Src/stm32f3xx_hal_can.o
                0x000000000800394c                HAL_CAN_TxMailbox2CompleteCallback
 .text.HAL_CAN_TxMailbox1AbortCallback
                0x0000000008003960       0x14 ./Drivers/STM32F3xx_HAL_Driver/Src/stm32f3xx_hal_can.o
                0x0000000008003960                HAL_CAN_TxMailbox1AbortCallback
 .text.HAL_CAN_TxMailbox2AbortCallback
                0x0000000008003974       0x14 ./Drivers/STM32F3xx_HAL_Driver/Src/stm32f3xx_hal_can.o
                0x0000000008003974                HAL_CAN_TxMailbox2AbortCallback
 .text.HAL_CAN_RxFifo1MsgPendingCallback
                0x0000000008003988       0x14 ./Drivers/STM32F3xx_HAL_Driver/Src/stm32f3xx_hal_can.o
                0x0000000008003988                HAL_CAN_RxFifo1MsgPendingCallback
 .text.HAL_CAN_RxFifo1FullCallback
                0x000000000800399c       0x14 ./Drivers/STM32F3xx_HAL_Driver/Src/stm32f3xx_hal_can.o
                0x000000000800399c                HAL_CAN_RxFifo1FullCallback
 .text.HAL_CAN_SleepCallback
                0x00000000080039b0       0x14 ./Drivers/STM32F3xx_HAL_Driver/Src/stm32f3xx_hal_can.o
                0x00000000080039b0                HAL_CAN_SleepCallback
 .text.HAL_CAN_WakeUpFromRxMsgCallback
                0x00000000080039c4       0x14 ./Drivers/STM32F3xx_HAL_Driver/Src/stm32f3xx_hal_can.o
                0x00000000080039c4                HAL_CAN_WakeUpFromRxMsgCallback
 .text.HAL_CAN_GetError
                0x00000000080039d8       0x18 ./Drivers/STM32F3xx_HAL_Driver/Src/stm32f3xx_hal_can.o
                0x00000000080039d8                HAL_CAN_GetError
 .text.HAL_CAN_ResetError
                0x00000000080039f0       0x46 ./Drivers/STM32F3xx_HAL_Driver/Src/stm32f3xx_hal_can.o
                0x00000000080039f0                HAL_CAN_ResetError
 *fill*         0x0000000008003a36        0x2 
 .text.__NVIC_SetPriorityGrouping
                0x0000000008003a38       0x48 ./Drivers/STM32F3xx_HAL_Driver/Src/stm32f3xx_hal_cortex.o
 .text.__NVIC_GetPriorityGrouping
                0x0000000008003a80       0x1c ./Drivers/STM32F3xx_HAL_Driver/Src/stm32f3xx_hal_cortex.o
 .text.__NVIC_EnableIRQ
                0x0000000008003a9c       0x3c ./Drivers/STM32F3xx_HAL_Driver/Src/stm32f3xx_hal_cortex.o
 .text.__NVIC_SetPriority
                0x0000000008003ad8       0x54 ./Drivers/STM32F3xx_HAL_Driver/Src/stm32f3xx_hal_cortex.o
 .text.NVIC_EncodePriority
                0x0000000008003b2c       0x66 ./Drivers/STM32F3xx_HAL_Driver/Src/stm32f3xx_hal_cortex.o
 *fill*         0x0000000008003b92        0x2 
 .text.SysTick_Config
                0x0000000008003b94       0x44 ./Drivers/STM32F3xx_HAL_Driver/Src/stm32f3xx_hal_cortex.o
 .text.HAL_NVIC_SetPriorityGrouping
                0x0000000008003bd8       0x16 ./Drivers/STM32F3xx_HAL_Driver/Src/stm32f3xx_hal_cortex.o
                0x0000000008003bd8                HAL_NVIC_SetPriorityGrouping
 .text.HAL_NVIC_SetPriority
                0x0000000008003bee       0x38 ./Drivers/STM32F3xx_HAL_Driver/Src/stm32f3xx_hal_cortex.o
                0x0000000008003bee                HAL_NVIC_SetPriority
 .text.HAL_NVIC_EnableIRQ
                0x0000000008003c26       0x1c ./Drivers/STM32F3xx_HAL_Driver/Src/stm32f3xx_hal_cortex.o
                0x0000000008003c26                HAL_NVIC_EnableIRQ
 .text.HAL_SYSTICK_Config
                0x0000000008003c42       0x18 ./Drivers/STM32F3xx_HAL_Driver/Src/stm32f3xx_hal_cortex.o
                0x0000000008003c42                HAL_SYSTICK_Config
 .text.HAL_DMA_Abort_IT
                0x0000000008003c5a       0x7c ./Drivers/STM32F3xx_HAL_Driver/Src/stm32f3xx_hal_dma.o
                0x0000000008003c5a                HAL_DMA_Abort_IT
 .text.HAL_DMA_GetState
                0x0000000008003cd6       0x1a ./Drivers/STM32F3xx_HAL_Driver/Src/stm32f3xx_hal_dma.o
                0x0000000008003cd6                HAL_DMA_GetState
 .text.HAL_FLASH_Program
                0x0000000008003cf0       0xe0 ./Drivers/STM32F3xx_HAL_Driver/Src/stm32f3xx_hal_flash.o
                0x0000000008003cf0                HAL_FLASH_Program
 .text.HAL_FLASH_Unlock
                0x0000000008003dd0       0x4c ./Drivers/STM32F3xx_HAL_Driver/Src/stm32f3xx_hal_flash.o
                0x0000000008003dd0                HAL_FLASH_Unlock
 .text.HAL_FLASH_Lock
                0x0000000008003e1c       0x20 ./Drivers/STM32F3xx_HAL_Driver/Src/stm32f3xx_hal_flash.o
                0x0000000008003e1c                HAL_FLASH_Lock
 .text.HAL_FLASH_GetError
                0x0000000008003e3c       0x18 ./Drivers/STM32F3xx_HAL_Driver/Src/stm32f3xx_hal_flash.o
                0x0000000008003e3c                HAL_FLASH_GetError
 .text.FLASH_Program_HalfWord
                0x0000000008003e54       0x38 ./Drivers/STM32F3xx_HAL_Driver/Src/stm32f3xx_hal_flash.o
 .text.FLASH_WaitForLastOperation
                0x0000000008003e8c       0x80 ./Drivers/STM32F3xx_HAL_Driver/Src/stm32f3xx_hal_flash.o
                0x0000000008003e8c                FLASH_WaitForLastOperation
 .text.FLASH_SetErrorCode
                0x0000000008003f0c       0x64 ./Drivers/STM32F3xx_HAL_Driver/Src/stm32f3xx_hal_flash.o
 .text.HAL_FLASHEx_Erase
                0x0000000008003f70       0xd4 ./Drivers/STM32F3xx_HAL_Driver/Src/stm32f3xx_hal_flash_ex.o
                0x0000000008003f70                HAL_FLASHEx_Erase
 .text.FLASH_MassErase
                0x0000000008004044       0x34 ./Drivers/STM32F3xx_HAL_Driver/Src/stm32f3xx_hal_flash_ex.o
 .text.FLASH_PageErase
                0x0000000008004078       0x40 ./Drivers/STM32F3xx_HAL_Driver/Src/stm32f3xx_hal_flash_ex.o
                0x0000000008004078                FLASH_PageErase
 .text.HAL_GPIO_Init
                0x00000000080040b8      0x2e4 ./Drivers/STM32F3xx_HAL_Driver/Src/stm32f3xx_hal_gpio.o
                0x00000000080040b8                HAL_GPIO_Init
 .text.HAL_GPIO_WritePin
                0x000000000800439c       0x30 ./Drivers/STM32F3xx_HAL_Driver/Src/stm32f3xx_hal_gpio.o
                0x000000000800439c                HAL_GPIO_WritePin
 .text.HAL_GPIO_TogglePin
                0x00000000080043cc       0x34 ./Drivers/STM32F3xx_HAL_Driver/Src/stm32f3xx_hal_gpio.o
                0x00000000080043cc                HAL_GPIO_TogglePin
 .text.HAL_I2C_Init
                0x0000000008004400      0x11e ./Drivers/STM32F3xx_HAL_Driver/Src/stm32f3xx_hal_i2c.o
                0x0000000008004400                HAL_I2C_Init
 *fill*         0x000000000800451e        0x2 
 .text.HAL_I2C_Master_Transmit
                0x0000000008004520      0x1e8 ./Drivers/STM32F3xx_HAL_Driver/Src/stm32f3xx_hal_i2c.o
                0x0000000008004520                HAL_I2C_Master_Transmit
 .text.HAL_I2C_Master_Receive
                0x0000000008004708      0x1ec ./Drivers/STM32F3xx_HAL_Driver/Src/stm32f3xx_hal_i2c.o
                0x0000000008004708                HAL_I2C_Master_Receive
 .text.HAL_I2C_EV_IRQHandler
                0x00000000080048f4       0x34 ./Drivers/STM32F3xx_HAL_Driver/Src/stm32f3xx_hal_i2c.o
                0x00000000080048f4                HAL_I2C_EV_IRQHandler
 .text.HAL_I2C_ER_IRQHandler
                0x0000000008004928       0xb6 ./Drivers/STM32F3xx_HAL_Driver/Src/stm32f3xx_hal_i2c.o
                0x0000000008004928                HAL_I2C_ER_IRQHandler
 .text.HAL_I2C_SlaveTxCpltCallback
                0x00000000080049de       0x14 ./Drivers/STM32F3xx_HAL_Driver/Src/stm32f3xx_hal_i2c.o
                0x00000000080049de                HAL_I2C_SlaveTxCpltCallback
 .text.HAL_I2C_SlaveRxCpltCallback
                0x00000000080049f2       0x14 ./Drivers/STM32F3xx_HAL_Driver/Src/stm32f3xx_hal_i2c.o
                0x00000000080049f2                HAL_I2C_SlaveRxCpltCallback
 .text.HAL_I2C_AddrCallback
                0x0000000008004a06       0x1c ./Drivers/STM32F3xx_HAL_Driver/Src/stm32f3xx_hal_i2c.o
                0x0000000008004a06                HAL_I2C_AddrCallback
 .text.HAL_I2C_ListenCpltCallback
                0x0000000008004a22       0x14 ./Drivers/STM32F3xx_HAL_Driver/Src/stm32f3xx_hal_i2c.o
                0x0000000008004a22                HAL_I2C_ListenCpltCallback
 .text.HAL_I2C_ErrorCallback
                0x0000000008004a36       0x14 ./Drivers/STM32F3xx_HAL_Driver/Src/stm32f3xx_hal_i2c.o
                0x0000000008004a36                HAL_I2C_ErrorCallback
 .text.HAL_I2C_AbortCpltCallback
                0x0000000008004a4a       0x14 ./Drivers/STM32F3xx_HAL_Driver/Src/stm32f3xx_hal_i2c.o
                0x0000000008004a4a                HAL_I2C_AbortCpltCallback
 .text.I2C_Slave_ISR_IT
                0x0000000008004a5e      0x1f0 ./Drivers/STM32F3xx_HAL_Driver/Src/stm32f3xx_hal_i2c.o
 .text.I2C_ITAddrCplt
                0x0000000008004c4e      0x108 ./Drivers/STM32F3xx_HAL_Driver/Src/stm32f3xx_hal_i2c.o
 .text.I2C_ITSlaveSeqCplt
                0x0000000008004d56       0xb8 ./Drivers/STM32F3xx_HAL_Driver/Src/stm32f3xx_hal_i2c.o
 *fill*         0x0000000008004e0e        0x2 
 .text.I2C_ITSlaveCplt
                0x0000000008004e10      0x20c ./Drivers/STM32F3xx_HAL_Driver/Src/stm32f3xx_hal_i2c.o
 .text.I2C_ITListenCplt
                0x000000000800501c       0xa8 ./Drivers/STM32F3xx_HAL_Driver/Src/stm32f3xx_hal_i2c.o
 .text.I2C_ITError
                0x00000000080050c4      0x1e0 ./Drivers/STM32F3xx_HAL_Driver/Src/stm32f3xx_hal_i2c.o
 .text.I2C_TreatErrorCallback
                0x00000000080052a4       0x4e ./Drivers/STM32F3xx_HAL_Driver/Src/stm32f3xx_hal_i2c.o
 .text.I2C_Flush_TXDR
                0x00000000080052f2       0x48 ./Drivers/STM32F3xx_HAL_Driver/Src/stm32f3xx_hal_i2c.o
 .text.I2C_DMAAbort
                0x000000000800533a       0x3c ./Drivers/STM32F3xx_HAL_Driver/Src/stm32f3xx_hal_i2c.o
 .text.I2C_WaitOnFlagUntilTimeout
                0x0000000008005376       0x9e ./Drivers/STM32F3xx_HAL_Driver/Src/stm32f3xx_hal_i2c.o
 .text.I2C_WaitOnTXISFlagUntilTimeout
                0x0000000008005414       0x8e ./Drivers/STM32F3xx_HAL_Driver/Src/stm32f3xx_hal_i2c.o
 .text.I2C_WaitOnSTOPFlagUntilTimeout
                0x00000000080054a2       0x86 ./Drivers/STM32F3xx_HAL_Driver/Src/stm32f3xx_hal_i2c.o
 .text.I2C_WaitOnRXNEFlagUntilTimeout
                0x0000000008005528      0x104 ./Drivers/STM32F3xx_HAL_Driver/Src/stm32f3xx_hal_i2c.o
 .text.I2C_IsErrorOccurred
                0x000000000800562c      0x1c0 ./Drivers/STM32F3xx_HAL_Driver/Src/stm32f3xx_hal_i2c.o
 .text.I2C_TransferConfig
                0x00000000080057ec       0x64 ./Drivers/STM32F3xx_HAL_Driver/Src/stm32f3xx_hal_i2c.o
 .text.I2C_Disable_IRQ
                0x0000000008005850       0xbc ./Drivers/STM32F3xx_HAL_Driver/Src/stm32f3xx_hal_i2c.o
 .text.Custom_I2C_RequestMemoryRead
                0x000000000800590c       0xc4 ./Drivers/STM32F3xx_HAL_Driver/Src/stm32f3xx_hal_i2c.o
                0x000000000800590c                Custom_I2C_RequestMemoryRead
 .text.Custom_HAL_I2C_Mem_Read
                0x00000000080059d0      0x23c ./Drivers/STM32F3xx_HAL_Driver/Src/stm32f3xx_hal_i2c.o
                0x00000000080059d0                Custom_HAL_I2C_Mem_Read
 .text.HAL_I2CEx_ConfigAnalogFilter
                0x0000000008005c0c       0x96 ./Drivers/STM32F3xx_HAL_Driver/Src/stm32f3xx_hal_i2c_ex.o
                0x0000000008005c0c                HAL_I2CEx_ConfigAnalogFilter
 .text.HAL_I2CEx_ConfigDigitalFilter
                0x0000000008005ca2       0x98 ./Drivers/STM32F3xx_HAL_Driver/Src/stm32f3xx_hal_i2c_ex.o
                0x0000000008005ca2                HAL_I2CEx_ConfigDigitalFilter
 *fill*         0x0000000008005d3a        0x2 
 .text.HAL_RCC_OscConfig
                0x0000000008005d3c     0x107c ./Drivers/STM32F3xx_HAL_Driver/Src/stm32f3xx_hal_rcc.o
                0x0000000008005d3c                HAL_RCC_OscConfig
 .text.HAL_RCC_ClockConfig
                0x0000000008006db8      0x2f8 ./Drivers/STM32F3xx_HAL_Driver/Src/stm32f3xx_hal_rcc.o
                0x0000000008006db8                HAL_RCC_ClockConfig
 .text.HAL_RCC_GetSysClockFreq
                0x00000000080070b0       0xd8 ./Drivers/STM32F3xx_HAL_Driver/Src/stm32f3xx_hal_rcc.o
                0x00000000080070b0                HAL_RCC_GetSysClockFreq
 .text.HAL_RCCEx_PeriphCLKConfig
                0x0000000008007188      0x324 ./Drivers/STM32F3xx_HAL_Driver/Src/stm32f3xx_hal_rcc_ex.o
                0x0000000008007188                HAL_RCCEx_PeriphCLKConfig
 .text.memset   0x00000000080074ac       0x10 C:/ST/STM32CubeIDE_1.14.0/STM32CubeIDE/plugins/com.st.stm32cube.ide.mcu.externaltools.gnu-tools-for-stm32.11.3.rel1.win32_1.1.100.202309141235/tools/bin/../lib/gcc/arm-none-eabi/11.3.1/../../../../arm-none-eabi/lib/thumb/v7e-m+fp/hard\libc_nano.a(libc_a-memset.o)
                0x00000000080074ac                memset
 .text.__errno  0x00000000080074bc        0xc C:/ST/STM32CubeIDE_1.14.0/STM32CubeIDE/plugins/com.st.stm32cube.ide.mcu.externaltools.gnu-tools-for-stm32.11.3.rel1.win32_1.1.100.202309141235/tools/bin/../lib/gcc/arm-none-eabi/11.3.1/../../../../arm-none-eabi/lib/thumb/v7e-m+fp/hard\libc_nano.a(libc_a-errno.o)
                0x00000000080074bc                __errno
 .text.__libc_init_array
                0x00000000080074c8       0x48 C:/ST/STM32CubeIDE_1.14.0/STM32CubeIDE/plugins/com.st.stm32cube.ide.mcu.externaltools.gnu-tools-for-stm32.11.3.rel1.win32_1.1.100.202309141235/tools/bin/../lib/gcc/arm-none-eabi/11.3.1/../../../../arm-none-eabi/lib/thumb/v7e-m+fp/hard\libc_nano.a(libc_a-init.o)
                0x00000000080074c8                __libc_init_array
 .text.memcpy   0x0000000008007510       0x1c C:/ST/STM32CubeIDE_1.14.0/STM32CubeIDE/plugins/com.st.stm32cube.ide.mcu.externaltools.gnu-tools-for-stm32.11.3.rel1.win32_1.1.100.202309141235/tools/bin/../lib/gcc/arm-none-eabi/11.3.1/../../../../arm-none-eabi/lib/thumb/v7e-m+fp/hard\libc_nano.a(libc_a-memcpy-stub.o)
                0x0000000008007510                memcpy
 .text.pow      0x000000000800752c       0xe0 C:/ST/STM32CubeIDE_1.14.0/STM32CubeIDE/plugins/com.st.stm32cube.ide.mcu.externaltools.gnu-tools-for-stm32.11.3.rel1.win32_1.1.100.202309141235/tools/bin/../lib/gcc/arm-none-eabi/11.3.1/../../../../arm-none-eabi/lib/thumb/v7e-m+fp/hard\libm.a(libm_a-w_pow.o)
                0x000000000800752c                pow
 .text.sqrt     0x000000000800760c       0x58 C:/ST/STM32CubeIDE_1.14.0/STM32CubeIDE/plugins/com.st.stm32cube.ide.mcu.externaltools.gnu-tools-for-stm32.11.3.rel1.win32_1.1.100.202309141235/tools/bin/../lib/gcc/arm-none-eabi/11.3.1/../../../../arm-none-eabi/lib/thumb/v7e-m+fp/hard\libm.a(libm_a-w_sqrt.o)
                0x000000000800760c                sqrt
 .text.finite   0x0000000008007664       0x16 C:/ST/STM32CubeIDE_1.14.0/STM32CubeIDE/plugins/com.st.stm32cube.ide.mcu.externaltools.gnu-tools-for-stm32.11.3.rel1.win32_1.1.100.202309141235/tools/bin/../lib/gcc/arm-none-eabi/11.3.1/../../../../arm-none-eabi/lib/thumb/v7e-m+fp/hard\libm.a(libm_a-s_finite.o)
                0x0000000008007664                finite
 *fill*         0x000000000800767a        0x2 
 .text.__ieee754_sqrt
                0x000000000800767c      0x1b4 C:/ST/STM32CubeIDE_1.14.0/STM32CubeIDE/plugins/com.st.stm32cube.ide.mcu.externaltools.gnu-tools-for-stm32.11.3.rel1.win32_1.1.100.202309141235/tools/bin/../lib/gcc/arm-none-eabi/11.3.1/../../../../arm-none-eabi/lib/thumb/v7e-m+fp/hard\libm.a(libm_a-e_sqrt.o)
                0x000000000800767c                __ieee754_sqrt
 .text.__ieee754_pow
                0x0000000008007830      0xa54 C:/ST/STM32CubeIDE_1.14.0/STM32CubeIDE/plugins/com.st.stm32cube.ide.mcu.externaltools.gnu-tools-for-stm32.11.3.rel1.win32_1.1.100.202309141235/tools/bin/../lib/gcc/arm-none-eabi/11.3.1/../../../../arm-none-eabi/lib/thumb/v7e-m+fp/hard\libm.a(libm_a-e_pow.o)
                0x0000000008007830                __ieee754_pow
 .text.fabs     0x0000000008008284       0x12 C:/ST/STM32CubeIDE_1.14.0/STM32CubeIDE/plugins/com.st.stm32cube.ide.mcu.externaltools.gnu-tools-for-stm32.11.3.rel1.win32_1.1.100.202309141235/tools/bin/../lib/gcc/arm-none-eabi/11.3.1/../../../../arm-none-eabi/lib/thumb/v7e-m+fp/hard\libm.a(libm_a-s_fabs.o)
                0x0000000008008284                fabs
 *fill*         0x0000000008008296        0x2 
 .text.scalbn   0x0000000008008298       0xfc C:/ST/STM32CubeIDE_1.14.0/STM32CubeIDE/plugins/com.st.stm32cube.ide.mcu.externaltools.gnu-tools-for-stm32.11.3.rel1.win32_1.1.100.202309141235/tools/bin/../lib/gcc/arm-none-eabi/11.3.1/../../../../arm-none-eabi/lib/thumb/v7e-m+fp/hard\libm.a(libm_a-s_scalbn.o)
                0x0000000008008298                scalbn
 .text.with_errno
                0x0000000008008394       0x14 C:/ST/STM32CubeIDE_1.14.0/STM32CubeIDE/plugins/com.st.stm32cube.ide.mcu.externaltools.gnu-tools-for-stm32.11.3.rel1.win32_1.1.100.202309141235/tools/bin/../lib/gcc/arm-none-eabi/11.3.1/../../../../arm-none-eabi/lib/thumb/v7e-m+fp/hard\libm.a(libm_a-math_err.o)
 .text.xflow    0x00000000080083a8       0x28 C:/ST/STM32CubeIDE_1.14.0/STM32CubeIDE/plugins/com.st.stm32cube.ide.mcu.externaltools.gnu-tools-for-stm32.11.3.rel1.win32_1.1.100.202309141235/tools/bin/../lib/gcc/arm-none-eabi/11.3.1/../../../../arm-none-eabi/lib/thumb/v7e-m+fp/hard\libm.a(libm_a-math_err.o)
 .text.__math_uflow
                0x00000000080083d0       0x12 C:/ST/STM32CubeIDE_1.14.0/STM32CubeIDE/plugins/com.st.stm32cube.ide.mcu.externaltools.gnu-tools-for-stm32.11.3.rel1.win32_1.1.100.202309141235/tools/bin/../lib/gcc/arm-none-eabi/11.3.1/../../../../arm-none-eabi/lib/thumb/v7e-m+fp/hard\libm.a(libm_a-math_err.o)
                0x00000000080083d0                __math_uflow
 .text.__math_oflow
                0x00000000080083e2       0x12 C:/ST/STM32CubeIDE_1.14.0/STM32CubeIDE/plugins/com.st.stm32cube.ide.mcu.externaltools.gnu-tools-for-stm32.11.3.rel1.win32_1.1.100.202309141235/tools/bin/../lib/gcc/arm-none-eabi/11.3.1/../../../../arm-none-eabi/lib/thumb/v7e-m+fp/hard\libm.a(libm_a-math_err.o)
                0x00000000080083e2                __math_oflow
 *(.glue_7)
 .glue_7        0x00000000080083f4        0x0 linker stubs
 *(.glue_7t)
 .glue_7t       0x00000000080083f4        0x0 linker stubs
 *(.eh_frame)
 .eh_frame      0x00000000080083f4        0x0 C:/ST/STM32CubeIDE_1.14.0/STM32CubeIDE/plugins/com.st.stm32cube.ide.mcu.externaltools.gnu-tools-for-stm32.11.3.rel1.win32_1.1.100.202309141235/tools/bin/../lib/gcc/arm-none-eabi/11.3.1/thumb/v7e-m+fp/hard/crtbegin.o
 *(.init)
 .init          0x00000000080083f4        0x4 C:/ST/STM32CubeIDE_1.14.0/STM32CubeIDE/plugins/com.st.stm32cube.ide.mcu.externaltools.gnu-tools-for-stm32.11.3.rel1.win32_1.1.100.202309141235/tools/bin/../lib/gcc/arm-none-eabi/11.3.1/thumb/v7e-m+fp/hard/crti.o
                0x00000000080083f4                _init
 .init          0x00000000080083f8        0x8 C:/ST/STM32CubeIDE_1.14.0/STM32CubeIDE/plugins/com.st.stm32cube.ide.mcu.externaltools.gnu-tools-for-stm32.11.3.rel1.win32_1.1.100.202309141235/tools/bin/../lib/gcc/arm-none-eabi/11.3.1/thumb/v7e-m+fp/hard/crtn.o
 *(.fini)
 .fini          0x0000000008008400        0x4 C:/ST/STM32CubeIDE_1.14.0/STM32CubeIDE/plugins/com.st.stm32cube.ide.mcu.externaltools.gnu-tools-for-stm32.11.3.rel1.win32_1.1.100.202309141235/tools/bin/../lib/gcc/arm-none-eabi/11.3.1/thumb/v7e-m+fp/hard/crti.o
                0x0000000008008400                _fini
 .fini          0x0000000008008404        0x8 C:/ST/STM32CubeIDE_1.14.0/STM32CubeIDE/plugins/com.st.stm32cube.ide.mcu.externaltools.gnu-tools-for-stm32.11.3.rel1.win32_1.1.100.202309141235/tools/bin/../lib/gcc/arm-none-eabi/11.3.1/thumb/v7e-m+fp/hard/crtn.o
                0x000000000800840c                . = ALIGN (0x4)
                0x000000000800840c                _etext = .

.vfp11_veneer   0x000000000800840c        0x0
 .vfp11_veneer  0x000000000800840c        0x0 linker stubs

.v4_bx          0x000000000800840c        0x0
 .v4_bx         0x000000000800840c        0x0 linker stubs

.iplt           0x000000000800840c        0x0
 .iplt          0x000000000800840c        0x0 C:/ST/STM32CubeIDE_1.14.0/STM32CubeIDE/plugins/com.st.stm32cube.ide.mcu.externaltools.gnu-tools-for-stm32.11.3.rel1.win32_1.1.100.202309141235/tools/bin/../lib/gcc/arm-none-eabi/11.3.1/thumb/v7e-m+fp/hard/crtbegin.o

.rodata         0x0000000008008410       0x68
                0x0000000008008410                . = ALIGN (0x4)
 *(.rodata)
 .rodata        0x0000000008008410        0x5 ./App/Src/MLX90621_I2C_Driver.o
 *(.rodata*)
 *fill*         0x0000000008008415        0x3 
 .rodata.AHBPrescTable
                0x0000000008008418       0x10 ./Core/Src/system_stm32f3xx.o
                0x0000000008008418                AHBPrescTable
 .rodata.aPLLMULFactorTable
                0x0000000008008428       0x10 ./Drivers/STM32F3xx_HAL_Driver/Src/stm32f3xx_hal_rcc.o
 .rodata.aPredivFactorTable
                0x0000000008008438       0x10 ./Drivers/STM32F3xx_HAL_Driver/Src/stm32f3xx_hal_rcc.o
 .rodata.bp     0x0000000008008448       0x10 C:/ST/STM32CubeIDE_1.14.0/STM32CubeIDE/plugins/com.st.stm32cube.ide.mcu.externaltools.gnu-tools-for-stm32.11.3.rel1.win32_1.1.100.202309141235/tools/bin/../lib/gcc/arm-none-eabi/11.3.1/../../../../arm-none-eabi/lib/thumb/v7e-m+fp/hard\libm.a(libm_a-e_pow.o)
 .rodata.dp_h   0x0000000008008458       0x10 C:/ST/STM32CubeIDE_1.14.0/STM32CubeIDE/plugins/com.st.stm32cube.ide.mcu.externaltools.gnu-tools-for-stm32.11.3.rel1.win32_1.1.100.202309141235/tools/bin/../lib/gcc/arm-none-eabi/11.3.1/../../../../arm-none-eabi/lib/thumb/v7e-m+fp/hard\libm.a(libm_a-e_pow.o)
 .rodata.dp_l   0x0000000008008468       0x10 C:/ST/STM32CubeIDE_1.14.0/STM32CubeIDE/plugins/com.st.stm32cube.ide.mcu.externaltools.gnu-tools-for-stm32.11.3.rel1.win32_1.1.100.202309141235/tools/bin/../lib/gcc/arm-none-eabi/11.3.1/../../../../arm-none-eabi/lib/thumb/v7e-m+fp/hard\libm.a(libm_a-e_pow.o)
                0x0000000008008478                . = ALIGN (0x4)

.rel.dyn        0x0000000008008478        0x0
 .rel.iplt      0x0000000008008478        0x0 C:/ST/STM32CubeIDE_1.14.0/STM32CubeIDE/plugins/com.st.stm32cube.ide.mcu.externaltools.gnu-tools-for-stm32.11.3.rel1.win32_1.1.100.202309141235/tools/bin/../lib/gcc/arm-none-eabi/11.3.1/thumb/v7e-m+fp/hard/crtbegin.o

.ARM.extab      0x0000000008008478        0x0
                0x0000000008008478                . = ALIGN (0x4)
 *(.ARM.extab* .gnu.linkonce.armextab.*)
                0x0000000008008478                . = ALIGN (0x4)

.ARM            0x0000000008008478        0x0
                0x0000000008008478                . = ALIGN (0x4)
                0x0000000008008478                __exidx_start = .
 *(.ARM.exidx*)
                0x0000000008008478                __exidx_end = .
                0x0000000008008478                . = ALIGN (0x4)

.preinit_array  0x0000000008008478        0x0
                0x0000000008008478                . = ALIGN (0x4)
                0x0000000008008478                PROVIDE (__preinit_array_start = .)
 *(.preinit_array*)
                0x0000000008008478                PROVIDE (__preinit_array_end = .)
                0x0000000008008478                . = ALIGN (0x4)

.init_array     0x0000000008008478        0x4
                0x0000000008008478                . = ALIGN (0x4)
                0x0000000008008478                PROVIDE (__init_array_start = .)
 *(SORT_BY_NAME(.init_array.*))
 *(.init_array*)
 .init_array    0x0000000008008478        0x4 C:/ST/STM32CubeIDE_1.14.0/STM32CubeIDE/plugins/com.st.stm32cube.ide.mcu.externaltools.gnu-tools-for-stm32.11.3.rel1.win32_1.1.100.202309141235/tools/bin/../lib/gcc/arm-none-eabi/11.3.1/thumb/v7e-m+fp/hard/crtbegin.o
                0x000000000800847c                PROVIDE (__init_array_end = .)
                0x000000000800847c                . = ALIGN (0x4)

.fini_array     0x000000000800847c        0x4
                0x000000000800847c                . = ALIGN (0x4)
                [!provide]                        PROVIDE (__fini_array_start = .)
 *(SORT_BY_NAME(.fini_array.*))
 *(.fini_array*)
 .fini_array    0x000000000800847c        0x4 C:/ST/STM32CubeIDE_1.14.0/STM32CubeIDE/plugins/com.st.stm32cube.ide.mcu.externaltools.gnu-tools-for-stm32.11.3.rel1.win32_1.1.100.202309141235/tools/bin/../lib/gcc/arm-none-eabi/11.3.1/thumb/v7e-m+fp/hard/crtbegin.o
                [!provide]                        PROVIDE (__fini_array_end = .)
                0x0000000008008480                . = ALIGN (0x4)
                0x0000000008008480                _sidata = LOADADDR (.data)

.data           0x0000000020000000       0x70 load address 0x0000000008008480
                0x0000000020000000                . = ALIGN (0x4)
                0x0000000020000000                _sdata = .
 *(.data)
 *(.data*)
 .data.SystemCoreClock
                0x0000000020000000        0x4 ./Core/Src/system_stm32f3xx.o
                0x0000000020000000                SystemCoreClock
 .data.uwTickPrio
                0x0000000020000004        0x4 ./Drivers/STM32F3xx_HAL_Driver/Src/stm32f3xx_hal.o
                0x0000000020000004                uwTickPrio
 .data.uwTickFreq
                0x0000000020000008        0x1 ./Drivers/STM32F3xx_HAL_Driver/Src/stm32f3xx_hal.o
                0x0000000020000008                uwTickFreq
 *fill*         0x0000000020000009        0x3 
 .data._impure_data
                0x000000002000000c       0x4c C:/ST/STM32CubeIDE_1.14.0/STM32CubeIDE/plugins/com.st.stm32cube.ide.mcu.externaltools.gnu-tools-for-stm32.11.3.rel1.win32_1.1.100.202309141235/tools/bin/../lib/gcc/arm-none-eabi/11.3.1/../../../../arm-none-eabi/lib/thumb/v7e-m+fp/hard\libc_nano.a(libc_a-impure.o)
                0x000000002000000c                _impure_data
 .data._impure_ptr
                0x0000000020000058        0x4 C:/ST/STM32CubeIDE_1.14.0/STM32CubeIDE/plugins/com.st.stm32cube.ide.mcu.externaltools.gnu-tools-for-stm32.11.3.rel1.win32_1.1.100.202309141235/tools/bin/../lib/gcc/arm-none-eabi/11.3.1/../../../../arm-none-eabi/lib/thumb/v7e-m+fp/hard\libc_nano.a(libc_a-impure.o)
                0x0000000020000058                _impure_ptr
 *fill*         0x000000002000005c        0x4 
 .data.one      0x0000000020000060        0x8 C:/ST/STM32CubeIDE_1.14.0/STM32CubeIDE/plugins/com.st.stm32cube.ide.mcu.externaltools.gnu-tools-for-stm32.11.3.rel1.win32_1.1.100.202309141235/tools/bin/../lib/gcc/arm-none-eabi/11.3.1/../../../../arm-none-eabi/lib/thumb/v7e-m+fp/hard\libm.a(libm_a-e_sqrt.o)
 .data.tiny     0x0000000020000068        0x8 C:/ST/STM32CubeIDE_1.14.0/STM32CubeIDE/plugins/com.st.stm32cube.ide.mcu.externaltools.gnu-tools-for-stm32.11.3.rel1.win32_1.1.100.202309141235/tools/bin/../lib/gcc/arm-none-eabi/11.3.1/../../../../arm-none-eabi/lib/thumb/v7e-m+fp/hard\libm.a(libm_a-e_sqrt.o)
 *(.RamFunc)
 *(.RamFunc*)
                0x0000000020000070                . = ALIGN (0x4)
                0x0000000020000070                _edata = .

.igot.plt       0x0000000020000070        0x0 load address 0x00000000080084f0
 .igot.plt      0x0000000020000070        0x0 C:/ST/STM32CubeIDE_1.14.0/STM32CubeIDE/plugins/com.st.stm32cube.ide.mcu.externaltools.gnu-tools-for-stm32.11.3.rel1.win32_1.1.100.202309141235/tools/bin/../lib/gcc/arm-none-eabi/11.3.1/thumb/v7e-m+fp/hard/crtbegin.o
                0x0000000020000070                . = ALIGN (0x4)

.bss            0x0000000020000070      0xdc0 load address 0x00000000080084f0
                0x0000000020000070                _sbss = .
                0x0000000020000070                __bss_start__ = _sbss
 *(.bss)
 .bss           0x0000000020000070       0x1c C:/ST/STM32CubeIDE_1.14.0/STM32CubeIDE/plugins/com.st.stm32cube.ide.mcu.externaltools.gnu-tools-for-stm32.11.3.rel1.win32_1.1.100.202309141235/tools/bin/../lib/gcc/arm-none-eabi/11.3.1/thumb/v7e-m+fp/hard/crtbegin.o
 *(.bss*)
 .bss._state    0x000000002000008c        0x1 ./App/Src/App.o
                0x000000002000008c                _state
 .bss.DEBUG_Preview
                0x000000002000008d        0x1 ./App/Src/App.o
                0x000000002000008d                DEBUG_Preview
 *fill*         0x000000002000008e        0x2 
 .bss.inner_idx
                0x0000000020000090        0xe ./App/Src/App.o
                0x0000000020000090                inner_idx
 *fill*         0x000000002000009e        0x2 
 .bss.middle_idx
                0x00000000200000a0        0xe ./App/Src/App.o
                0x00000000200000a0                middle_idx
 *fill*         0x00000000200000ae        0x2 
 .bss.outer_idx
                0x00000000200000b0        0xe ./App/Src/App.o
                0x00000000200000b0                outer_idx
 *fill*         0x00000000200000be        0x2 
 .bss.regions   0x00000000200000c0       0x10 ./App/Src/App.o
                0x00000000200000c0                regions
 .bss.inner_temp
                0x00000000200000d0        0x2 ./App/Src/App.o
                0x00000000200000d0                inner_temp
 .bss.outer_temp
                0x00000000200000d2        0x2 ./App/Src/App.o
                0x00000000200000d2                outer_temp
 .bss.middle_temp
                0x00000000200000d4        0x2 ./App/Src/App.o
                0x00000000200000d4                middle_temp
 *fill*         0x00000000200000d6        0x2 
 .bss.tambient  0x00000000200000d8        0x4 ./App/Src/App.o
                0x00000000200000d8                tambient
 .bss.result    0x00000000200000dc      0x100 ./App/Src/App.o
                0x00000000200000dc                result
 .bss.matrix    0x00000000200001dc       0x80 ./App/Src/App.o
                0x00000000200001dc                matrix
 .bss.temp      0x000000002000025c       0x80 ./App/Src/App.o
                0x000000002000025c                temp
 .bss.cfgReg    0x00000000200002dc        0x2 ./App/Src/App.o
                0x00000000200002dc                cfgReg
 *fill*         0x00000000200002de        0x2 
 .bss.frame     0x00000000200002e0       0x84 ./App/Src/App.o
                0x00000000200002e0                frame
 .bss.mlxee     0x0000000020000364      0x100 ./App/Src/App.o
                0x0000000020000364                mlxee
 .bss.params    0x0000000020000464      0x338 ./App/Src/App.o
                0x0000000020000464                params
 .bss.ramka     0x000000002000079c      0x240 ./App/Src/App.o
                0x000000002000079c                ramka
 .bss.tire_data_frame
                0x00000000200009dc       0x24 ./App/Src/App.o
                0x00000000200009dc                tire_data_frame
 .bss.calib_data_frame
                0x0000000020000a00       0x24 ./App/Src/App.o
                0x0000000020000a00                calib_data_frame
 .bss.lastCalibFrameTime
                0x0000000020000a24        0x4 ./App/Src/App.o
                0x0000000020000a24                lastCalibFrameTime
 .bss.curRR     0x0000000020000a28        0x4 ./App/Src/App.o
                0x0000000020000a28                curRR
 .bss.curRes    0x0000000020000a2c        0x4 ./App/Src/App.o
                0x0000000020000a2c                curRes
 .bss.EraseInitStruct.0
                0x0000000020000a30        0xc ./App/Src/FLASH_Handler.o
 .bss.dataCheck.0
                0x0000000020000a3c        0x2 ./App/Src/MLX90621_I2C_Driver.o
 *fill*         0x0000000020000a3e        0x2 
 .bss.hcan      0x0000000020000a40       0x28 ./Core/Src/can.o
                0x0000000020000a40                hcan
 .bss.hi2c1     0x0000000020000a68       0x54 ./Core/Src/i2c.o
                0x0000000020000a68                hi2c1
 .bss.cans      0x0000000020000abc       0xb4 ./Drivers/CAN_LIB/src/CAN_LIB.o
 .bss._can_info
                0x0000000020000b70       0x80 ./Drivers/CAN_LIB/src/CAN_LIB.o
                0x0000000020000b70                _can_info
 .bss.can_number.0
                0x0000000020000bf0        0x1 ./Drivers/CAN_LIB/src/CAN_LIB.o
 *fill*         0x0000000020000bf1        0x3 
 .bss.cans      0x0000000020000bf4       0xb4 ./Drivers/CAN_LIB/src/CAN_LIB_HW.o
 .bss.sFilterConfig.0
                0x0000000020000ca8       0x28 ./Drivers/CAN_LIB/src/CAN_LIB_HW.o
 .bss.uwTick    0x0000000020000cd0        0x4 ./Drivers/STM32F3xx_HAL_Driver/Src/stm32f3xx_hal.o
                0x0000000020000cd0                uwTick
 *fill*         0x0000000020000cd4        0x4 
 .bss.pFlash    0x0000000020000cd8       0x20 ./Drivers/STM32F3xx_HAL_Driver/Src/stm32f3xx_hal_flash.o
                0x0000000020000cd8                pFlash
 .bss.__sf      0x0000000020000cf8      0x138 C:/ST/STM32CubeIDE_1.14.0/STM32CubeIDE/plugins/com.st.stm32cube.ide.mcu.externaltools.gnu-tools-for-stm32.11.3.rel1.win32_1.1.100.202309141235/tools/bin/../lib/gcc/arm-none-eabi/11.3.1/../../../../arm-none-eabi/lib/thumb/v7e-m+fp/hard\libc_nano.a(libc_a-findfp.o)
                0x0000000020000cf8                __sf
 *(COMMON)
                0x0000000020000e30                . = ALIGN (0x4)
                0x0000000020000e30                _ebss = .
                0x0000000020000e30                __bss_end__ = _ebss

._user_heap_stack
                0x0000000020000e30      0x600 load address 0x00000000080084f0
                0x0000000020000e30                . = ALIGN (0x8)
                [!provide]                        PROVIDE (end = .)
                0x0000000020000e30                PROVIDE (_end = .)
                0x0000000020001030                . = (. + _Min_Heap_Size)
 *fill*         0x0000000020000e30      0x200 
                0x0000000020001430                . = (. + _Min_Stack_Size)
 *fill*         0x0000000020001030      0x400 
                0x0000000020001430                . = ALIGN (0x8)

/DISCARD/
 libc.a(*)
 libm.a(*)
 libgcc.a(*)

.ARM.attributes
                0x0000000000000000       0x30
 *(.ARM.attributes)
 .ARM.attributes
                0x0000000000000000       0x1e C:/ST/STM32CubeIDE_1.14.0/STM32CubeIDE/plugins/com.st.stm32cube.ide.mcu.externaltools.gnu-tools-for-stm32.11.3.rel1.win32_1.1.100.202309141235/tools/bin/../lib/gcc/arm-none-eabi/11.3.1/thumb/v7e-m+fp/hard/crti.o
 .ARM.attributes
                0x000000000000001e       0x34 C:/ST/STM32CubeIDE_1.14.0/STM32CubeIDE/plugins/com.st.stm32cube.ide.mcu.externaltools.gnu-tools-for-stm32.11.3.rel1.win32_1.1.100.202309141235/tools/bin/../lib/gcc/arm-none-eabi/11.3.1/thumb/v7e-m+fp/hard/crtbegin.o
 .ARM.attributes
                0x0000000000000052       0x34 ./App/Src/App.o
 .ARM.attributes
                0x0000000000000086       0x34 ./App/Src/FLASH_Handler.o
 .ARM.attributes
                0x00000000000000ba       0x34 ./App/Src/MLX90621_API.o
 .ARM.attributes
                0x00000000000000ee       0x34 ./App/Src/MLX90621_I2C_Driver.o
 .ARM.attributes
                0x0000000000000122       0x34 ./Core/Src/can.o
 .ARM.attributes
                0x0000000000000156       0x34 ./Core/Src/gpio.o
 .ARM.attributes
                0x000000000000018a       0x34 ./Core/Src/i2c.o
 .ARM.attributes
                0x00000000000001be       0x34 ./Core/Src/main.o
 .ARM.attributes
                0x00000000000001f2       0x34 ./Core/Src/stm32f3xx_hal_msp.o
 .ARM.attributes
                0x0000000000000226       0x34 ./Core/Src/stm32f3xx_it.o
 .ARM.attributes
                0x000000000000025a       0x34 ./Core/Src/system_stm32f3xx.o
 .ARM.attributes
                0x000000000000028e       0x21 ./Core/Startup/startup_stm32f302k8ux.o
 .ARM.attributes
                0x00000000000002af       0x34 ./Drivers/CAN_LIB/src/CAN_FIFO.o
 .ARM.attributes
                0x00000000000002e3       0x34 ./Drivers/CAN_LIB/src/CAN_LIB.o
 .ARM.attributes
                0x0000000000000317       0x34 ./Drivers/CAN_LIB/src/CAN_LIB_HW.o
 .ARM.attributes
                0x000000000000034b       0x34 ./Drivers/STM32F3xx_HAL_Driver/Src/stm32f3xx_hal.o
 .ARM.attributes
                0x000000000000037f       0x34 ./Drivers/STM32F3xx_HAL_Driver/Src/stm32f3xx_hal_can.o
 .ARM.attributes
                0x00000000000003b3       0x34 ./Drivers/STM32F3xx_HAL_Driver/Src/stm32f3xx_hal_cortex.o
 .ARM.attributes
                0x00000000000003e7       0x34 ./Drivers/STM32F3xx_HAL_Driver/Src/stm32f3xx_hal_dma.o
 .ARM.attributes
                0x000000000000041b       0x34 ./Drivers/STM32F3xx_HAL_Driver/Src/stm32f3xx_hal_flash.o
 .ARM.attributes
                0x000000000000044f       0x34 ./Drivers/STM32F3xx_HAL_Driver/Src/stm32f3xx_hal_flash_ex.o
 .ARM.attributes
                0x0000000000000483       0x34 ./Drivers/STM32F3xx_HAL_Driver/Src/stm32f3xx_hal_gpio.o
 .ARM.attributes
                0x00000000000004b7       0x34 ./Drivers/STM32F3xx_HAL_Driver/Src/stm32f3xx_hal_i2c.o
 .ARM.attributes
                0x00000000000004eb       0x34 ./Drivers/STM32F3xx_HAL_Driver/Src/stm32f3xx_hal_i2c_ex.o
 .ARM.attributes
                0x000000000000051f       0x34 ./Drivers/STM32F3xx_HAL_Driver/Src/stm32f3xx_hal_rcc.o
 .ARM.attributes
                0x0000000000000553       0x34 ./Drivers/STM32F3xx_HAL_Driver/Src/stm32f3xx_hal_rcc_ex.o
 .ARM.attributes
                0x0000000000000587       0x34 C:/ST/STM32CubeIDE_1.14.0/STM32CubeIDE/plugins/com.st.stm32cube.ide.mcu.externaltools.gnu-tools-for-stm32.11.3.rel1.win32_1.1.100.202309141235/tools/bin/../lib/gcc/arm-none-eabi/11.3.1/../../../../arm-none-eabi/lib/thumb/v7e-m+fp/hard\libc_nano.a(libc_a-findfp.o)
 .ARM.attributes
                0x00000000000005bb       0x34 C:/ST/STM32CubeIDE_1.14.0/STM32CubeIDE/plugins/com.st.stm32cube.ide.mcu.externaltools.gnu-tools-for-stm32.11.3.rel1.win32_1.1.100.202309141235/tools/bin/../lib/gcc/arm-none-eabi/11.3.1/../../../../arm-none-eabi/lib/thumb/v7e-m+fp/hard\libc_nano.a(libc_a-memset.o)
 .ARM.attributes
                0x00000000000005ef       0x34 C:/ST/STM32CubeIDE_1.14.0/STM32CubeIDE/plugins/com.st.stm32cube.ide.mcu.externaltools.gnu-tools-for-stm32.11.3.rel1.win32_1.1.100.202309141235/tools/bin/../lib/gcc/arm-none-eabi/11.3.1/../../../../arm-none-eabi/lib/thumb/v7e-m+fp/hard\libc_nano.a(libc_a-impure.o)
 .ARM.attributes
                0x0000000000000623       0x34 C:/ST/STM32CubeIDE_1.14.0/STM32CubeIDE/plugins/com.st.stm32cube.ide.mcu.externaltools.gnu-tools-for-stm32.11.3.rel1.win32_1.1.100.202309141235/tools/bin/../lib/gcc/arm-none-eabi/11.3.1/../../../../arm-none-eabi/lib/thumb/v7e-m+fp/hard\libc_nano.a(libc_a-errno.o)
 .ARM.attributes
                0x0000000000000657       0x34 C:/ST/STM32CubeIDE_1.14.0/STM32CubeIDE/plugins/com.st.stm32cube.ide.mcu.externaltools.gnu-tools-for-stm32.11.3.rel1.win32_1.1.100.202309141235/tools/bin/../lib/gcc/arm-none-eabi/11.3.1/../../../../arm-none-eabi/lib/thumb/v7e-m+fp/hard\libc_nano.a(libc_a-init.o)
 .ARM.attributes
                0x000000000000068b       0x34 C:/ST/STM32CubeIDE_1.14.0/STM32CubeIDE/plugins/com.st.stm32cube.ide.mcu.externaltools.gnu-tools-for-stm32.11.3.rel1.win32_1.1.100.202309141235/tools/bin/../lib/gcc/arm-none-eabi/11.3.1/../../../../arm-none-eabi/lib/thumb/v7e-m+fp/hard\libc_nano.a(libc_a-memcpy-stub.o)
 .ARM.attributes
                0x00000000000006bf       0x34 C:/ST/STM32CubeIDE_1.14.0/STM32CubeIDE/plugins/com.st.stm32cube.ide.mcu.externaltools.gnu-tools-for-stm32.11.3.rel1.win32_1.1.100.202309141235/tools/bin/../lib/gcc/arm-none-eabi/11.3.1/../../../../arm-none-eabi/lib/thumb/v7e-m+fp/hard\libm.a(libm_a-w_pow.o)
 .ARM.attributes
                0x00000000000006f3       0x34 C:/ST/STM32CubeIDE_1.14.0/STM32CubeIDE/plugins/com.st.stm32cube.ide.mcu.externaltools.gnu-tools-for-stm32.11.3.rel1.win32_1.1.100.202309141235/tools/bin/../lib/gcc/arm-none-eabi/11.3.1/../../../../arm-none-eabi/lib/thumb/v7e-m+fp/hard\libm.a(libm_a-w_sqrt.o)
 .ARM.attributes
                0x0000000000000727       0x34 C:/ST/STM32CubeIDE_1.14.0/STM32CubeIDE/plugins/com.st.stm32cube.ide.mcu.externaltools.gnu-tools-for-stm32.11.3.rel1.win32_1.1.100.202309141235/tools/bin/../lib/gcc/arm-none-eabi/11.3.1/../../../../arm-none-eabi/lib/thumb/v7e-m+fp/hard\libm.a(libm_a-s_finite.o)
 .ARM.attributes
                0x000000000000075b       0x34 C:/ST/STM32CubeIDE_1.14.0/STM32CubeIDE/plugins/com.st.stm32cube.ide.mcu.externaltools.gnu-tools-for-stm32.11.3.rel1.win32_1.1.100.202309141235/tools/bin/../lib/gcc/arm-none-eabi/11.3.1/../../../../arm-none-eabi/lib/thumb/v7e-m+fp/hard\libm.a(libm_a-e_sqrt.o)
 .ARM.attributes
                0x000000000000078f       0x34 C:/ST/STM32CubeIDE_1.14.0/STM32CubeIDE/plugins/com.st.stm32cube.ide.mcu.externaltools.gnu-tools-for-stm32.11.3.rel1.win32_1.1.100.202309141235/tools/bin/../lib/gcc/arm-none-eabi/11.3.1/../../../../arm-none-eabi/lib/thumb/v7e-m+fp/hard\libm.a(libm_a-e_pow.o)
 .ARM.attributes
                0x00000000000007c3       0x34 C:/ST/STM32CubeIDE_1.14.0/STM32CubeIDE/plugins/com.st.stm32cube.ide.mcu.externaltools.gnu-tools-for-stm32.11.3.rel1.win32_1.1.100.202309141235/tools/bin/../lib/gcc/arm-none-eabi/11.3.1/../../../../arm-none-eabi/lib/thumb/v7e-m+fp/hard\libm.a(libm_a-s_fabs.o)
 .ARM.attributes
                0x00000000000007f7       0x34 C:/ST/STM32CubeIDE_1.14.0/STM32CubeIDE/plugins/com.st.stm32cube.ide.mcu.externaltools.gnu-tools-for-stm32.11.3.rel1.win32_1.1.100.202309141235/tools/bin/../lib/gcc/arm-none-eabi/11.3.1/../../../../arm-none-eabi/lib/thumb/v7e-m+fp/hard\libm.a(libm_a-s_scalbn.o)
 .ARM.attributes
                0x000000000000082b       0x34 C:/ST/STM32CubeIDE_1.14.0/STM32CubeIDE/plugins/com.st.stm32cube.ide.mcu.externaltools.gnu-tools-for-stm32.11.3.rel1.win32_1.1.100.202309141235/tools/bin/../lib/gcc/arm-none-eabi/11.3.1/../../../../arm-none-eabi/lib/thumb/v7e-m+fp/hard\libm.a(libm_a-math_err.o)
 .ARM.attributes
                0x000000000000085f       0x1e C:/ST/STM32CubeIDE_1.14.0/STM32CubeIDE/plugins/com.st.stm32cube.ide.mcu.externaltools.gnu-tools-for-stm32.11.3.rel1.win32_1.1.100.202309141235/tools/bin/../lib/gcc/arm-none-eabi/11.3.1/thumb/v7e-m+fp/hard\libgcc.a(_arm_addsubdf3.o)
 .ARM.attributes
                0x000000000000087d       0x1e C:/ST/STM32CubeIDE_1.14.0/STM32CubeIDE/plugins/com.st.stm32cube.ide.mcu.externaltools.gnu-tools-for-stm32.11.3.rel1.win32_1.1.100.202309141235/tools/bin/../lib/gcc/arm-none-eabi/11.3.1/thumb/v7e-m+fp/hard\libgcc.a(_arm_muldivdf3.o)
 .ARM.attributes
                0x000000000000089b       0x1e C:/ST/STM32CubeIDE_1.14.0/STM32CubeIDE/plugins/com.st.stm32cube.ide.mcu.externaltools.gnu-tools-for-stm32.11.3.rel1.win32_1.1.100.202309141235/tools/bin/../lib/gcc/arm-none-eabi/11.3.1/thumb/v7e-m+fp/hard\libgcc.a(_arm_cmpdf2.o)
 .ARM.attributes
                0x00000000000008b9       0x1e C:/ST/STM32CubeIDE_1.14.0/STM32CubeIDE/plugins/com.st.stm32cube.ide.mcu.externaltools.gnu-tools-for-stm32.11.3.rel1.win32_1.1.100.202309141235/tools/bin/../lib/gcc/arm-none-eabi/11.3.1/thumb/v7e-m+fp/hard\libgcc.a(_arm_unorddf2.o)
 .ARM.attributes
                0x00000000000008d7       0x1e C:/ST/STM32CubeIDE_1.14.0/STM32CubeIDE/plugins/com.st.stm32cube.ide.mcu.externaltools.gnu-tools-for-stm32.11.3.rel1.win32_1.1.100.202309141235/tools/bin/../lib/gcc/arm-none-eabi/11.3.1/thumb/v7e-m+fp/hard\libgcc.a(_arm_truncdfsf2.o)
 .ARM.attributes
                0x00000000000008f5       0x1e C:/ST/STM32CubeIDE_1.14.0/STM32CubeIDE/plugins/com.st.stm32cube.ide.mcu.externaltools.gnu-tools-for-stm32.11.3.rel1.win32_1.1.100.202309141235/tools/bin/../lib/gcc/arm-none-eabi/11.3.1/thumb/v7e-m+fp/hard/crtn.o
OUTPUT(TTS_Main.elf elf32-littlearm)
LOAD linker stubs
LOAD C:/ST/STM32CubeIDE_1.14.0/STM32CubeIDE/plugins/com.st.stm32cube.ide.mcu.externaltools.gnu-tools-for-stm32.11.3.rel1.win32_1.1.100.202309141235/tools/bin/../lib/gcc/arm-none-eabi/11.3.1/../../../../arm-none-eabi/lib/thumb/v7e-m+fp/hard\libc.a
LOAD C:/ST/STM32CubeIDE_1.14.0/STM32CubeIDE/plugins/com.st.stm32cube.ide.mcu.externaltools.gnu-tools-for-stm32.11.3.rel1.win32_1.1.100.202309141235/tools/bin/../lib/gcc/arm-none-eabi/11.3.1/../../../../arm-none-eabi/lib/thumb/v7e-m+fp/hard\libm.a
LOAD C:/ST/STM32CubeIDE_1.14.0/STM32CubeIDE/plugins/com.st.stm32cube.ide.mcu.externaltools.gnu-tools-for-stm32.11.3.rel1.win32_1.1.100.202309141235/tools/bin/../lib/gcc/arm-none-eabi/11.3.1/thumb/v7e-m+fp/hard\libgcc.a

.comment        0x0000000000000000       0x43
 .comment       0x0000000000000000       0x43 C:/ST/STM32CubeIDE_1.14.0/STM32CubeIDE/plugins/com.st.stm32cube.ide.mcu.externaltools.gnu-tools-for-stm32.11.3.rel1.win32_1.1.100.202309141235/tools/bin/../lib/gcc/arm-none-eabi/11.3.1/thumb/v7e-m+fp/hard/crtbegin.o
                                         0x44 (size before relaxing)
 .comment       0x0000000000000043       0x44 ./App/Src/App.o
 .comment       0x0000000000000043       0x44 ./App/Src/FLASH_Handler.o
 .comment       0x0000000000000043       0x44 ./App/Src/MLX90621_API.o
 .comment       0x0000000000000043       0x44 ./App/Src/MLX90621_I2C_Driver.o
 .comment       0x0000000000000043       0x44 ./Core/Src/can.o
 .comment       0x0000000000000043       0x44 ./Core/Src/gpio.o
 .comment       0x0000000000000043       0x44 ./Core/Src/i2c.o
 .comment       0x0000000000000043       0x44 ./Core/Src/main.o
 .comment       0x0000000000000043       0x44 ./Core/Src/stm32f3xx_hal_msp.o
 .comment       0x0000000000000043       0x44 ./Core/Src/stm32f3xx_it.o
 .comment       0x0000000000000043       0x44 ./Core/Src/system_stm32f3xx.o
 .comment       0x0000000000000043       0x44 ./Drivers/CAN_LIB/src/CAN_FIFO.o
 .comment       0x0000000000000043       0x44 ./Drivers/CAN_LIB/src/CAN_LIB.o
 .comment       0x0000000000000043       0x44 ./Drivers/CAN_LIB/src/CAN_LIB_HW.o
 .comment       0x0000000000000043       0x44 ./Drivers/STM32F3xx_HAL_Driver/Src/stm32f3xx_hal.o
 .comment       0x0000000000000043       0x44 ./Drivers/STM32F3xx_HAL_Driver/Src/stm32f3xx_hal_can.o
 .comment       0x0000000000000043       0x44 ./Drivers/STM32F3xx_HAL_Driver/Src/stm32f3xx_hal_cortex.o
 .comment       0x0000000000000043       0x44 ./Drivers/STM32F3xx_HAL_Driver/Src/stm32f3xx_hal_dma.o
 .comment       0x0000000000000043       0x44 ./Drivers/STM32F3xx_HAL_Driver/Src/stm32f3xx_hal_flash.o
 .comment       0x0000000000000043       0x44 ./Drivers/STM32F3xx_HAL_Driver/Src/stm32f3xx_hal_flash_ex.o
 .comment       0x0000000000000043       0x44 ./Drivers/STM32F3xx_HAL_Driver/Src/stm32f3xx_hal_gpio.o
 .comment       0x0000000000000043       0x44 ./Drivers/STM32F3xx_HAL_Driver/Src/stm32f3xx_hal_i2c.o
 .comment       0x0000000000000043       0x44 ./Drivers/STM32F3xx_HAL_Driver/Src/stm32f3xx_hal_i2c_ex.o
 .comment       0x0000000000000043       0x44 ./Drivers/STM32F3xx_HAL_Driver/Src/stm32f3xx_hal_rcc.o
 .comment       0x0000000000000043       0x44 ./Drivers/STM32F3xx_HAL_Driver/Src/stm32f3xx_hal_rcc_ex.o

.debug_info     0x0000000000000000     0xea38
 .debug_info    0x0000000000000000      0xdea ./App/Src/App.o
 .debug_info    0x0000000000000dea      0x4d6 ./App/Src/FLASH_Handler.o
 .debug_info    0x00000000000012c0      0x983 ./App/Src/MLX90621_API.o
 .debug_info    0x0000000000001c43      0x8cb ./App/Src/MLX90621_I2C_Driver.o
 .debug_info    0x000000000000250e      0x917 ./Core/Src/can.o
 .debug_info    0x0000000000002e25      0x321 ./Core/Src/gpio.o
 .debug_info    0x0000000000003146      0xaa3 ./Core/Src/i2c.o
 .debug_info    0x0000000000003be9      0x3bb ./Core/Src/main.o
 .debug_info    0x0000000000003fa4      0x18d ./Core/Src/stm32f3xx_hal_msp.o
 .debug_info    0x0000000000004131      0xac3 ./Core/Src/stm32f3xx_it.o
 .debug_info    0x0000000000004bf4      0x407 ./Core/Src/system_stm32f3xx.o
 .debug_info    0x0000000000004ffb       0x23 ./Core/Startup/startup_stm32f302k8ux.o
 .debug_info    0x000000000000501e      0x17c ./Drivers/CAN_LIB/src/CAN_FIFO.o
 .debug_info    0x000000000000519a      0xfff ./Drivers/CAN_LIB/src/CAN_LIB.o
 .debug_info    0x0000000000006199      0x9c8 ./Drivers/CAN_LIB/src/CAN_LIB_HW.o
 .debug_info    0x0000000000006b61      0x774 ./Drivers/STM32F3xx_HAL_Driver/Src/stm32f3xx_hal.o
 .debug_info    0x00000000000072d5      0xf16 ./Drivers/STM32F3xx_HAL_Driver/Src/stm32f3xx_hal_can.o
 .debug_info    0x00000000000081eb      0xab1 ./Drivers/STM32F3xx_HAL_Driver/Src/stm32f3xx_hal_cortex.o
 .debug_info    0x0000000000008c9c      0x6e1 ./Drivers/STM32F3xx_HAL_Driver/Src/stm32f3xx_hal_dma.o
 .debug_info    0x000000000000937d      0x4f5 ./Drivers/STM32F3xx_HAL_Driver/Src/stm32f3xx_hal_flash.o
 .debug_info    0x0000000000009872      0x777 ./Drivers/STM32F3xx_HAL_Driver/Src/stm32f3xx_hal_flash_ex.o
 .debug_info    0x0000000000009fe9      0x5fe ./Drivers/STM32F3xx_HAL_Driver/Src/stm32f3xx_hal_gpio.o
 .debug_info    0x000000000000a5e7     0x218a ./Drivers/STM32F3xx_HAL_Driver/Src/stm32f3xx_hal_i2c.o
 .debug_info    0x000000000000c771      0x824 ./Drivers/STM32F3xx_HAL_Driver/Src/stm32f3xx_hal_i2c_ex.o
 .debug_info    0x000000000000cf95     0x14f1 ./Drivers/STM32F3xx_HAL_Driver/Src/stm32f3xx_hal_rcc.o
 .debug_info    0x000000000000e486      0x5b2 ./Drivers/STM32F3xx_HAL_Driver/Src/stm32f3xx_hal_rcc_ex.o

.debug_abbrev   0x0000000000000000     0x32a3
 .debug_abbrev  0x0000000000000000      0x2b0 ./App/Src/App.o
 .debug_abbrev  0x00000000000002b0      0x20d ./App/Src/FLASH_Handler.o
 .debug_abbrev  0x00000000000004bd      0x23d ./App/Src/MLX90621_API.o
 .debug_abbrev  0x00000000000006fa      0x1ea ./App/Src/MLX90621_I2C_Driver.o
 .debug_abbrev  0x00000000000008e4      0x218 ./Core/Src/can.o
 .debug_abbrev  0x0000000000000afc      0x151 ./Core/Src/gpio.o
 .debug_abbrev  0x0000000000000c4d      0x21a ./Core/Src/i2c.o
 .debug_abbrev  0x0000000000000e67      0x1c1 ./Core/Src/main.o
 .debug_abbrev  0x0000000000001028       0xc6 ./Core/Src/stm32f3xx_hal_msp.o
 .debug_abbrev  0x00000000000010ee      0x1ed ./Core/Src/stm32f3xx_it.o
 .debug_abbrev  0x00000000000012db      0x11a ./Core/Src/system_stm32f3xx.o
 .debug_abbrev  0x00000000000013f5       0x12 ./Core/Startup/startup_stm32f302k8ux.o
 .debug_abbrev  0x0000000000001407       0xec ./Drivers/CAN_LIB/src/CAN_FIFO.o
 .debug_abbrev  0x00000000000014f3      0x26c ./Drivers/CAN_LIB/src/CAN_LIB.o
 .debug_abbrev  0x000000000000175f      0x1f8 ./Drivers/CAN_LIB/src/CAN_LIB_HW.o
 .debug_abbrev  0x0000000000001957      0x215 ./Drivers/STM32F3xx_HAL_Driver/Src/stm32f3xx_hal.o
 .debug_abbrev  0x0000000000001b6c      0x20d ./Drivers/STM32F3xx_HAL_Driver/Src/stm32f3xx_hal_can.o
 .debug_abbrev  0x0000000000001d79      0x2f8 ./Drivers/STM32F3xx_HAL_Driver/Src/stm32f3xx_hal_cortex.o
 .debug_abbrev  0x0000000000002071      0x20d ./Drivers/STM32F3xx_HAL_Driver/Src/stm32f3xx_hal_dma.o
 .debug_abbrev  0x000000000000227e      0x258 ./Drivers/STM32F3xx_HAL_Driver/Src/stm32f3xx_hal_flash.o
 .debug_abbrev  0x00000000000024d6      0x2af ./Drivers/STM32F3xx_HAL_Driver/Src/stm32f3xx_hal_flash_ex.o
 .debug_abbrev  0x0000000000002785      0x1ca ./Drivers/STM32F3xx_HAL_Driver/Src/stm32f3xx_hal_gpio.o
 .debug_abbrev  0x000000000000294f      0x260 ./Drivers/STM32F3xx_HAL_Driver/Src/stm32f3xx_hal_i2c.o
 .debug_abbrev  0x0000000000002baf      0x1c2 ./Drivers/STM32F3xx_HAL_Driver/Src/stm32f3xx_hal_i2c_ex.o
 .debug_abbrev  0x0000000000002d71      0x300 ./Drivers/STM32F3xx_HAL_Driver/Src/stm32f3xx_hal_rcc.o
 .debug_abbrev  0x0000000000003071      0x232 ./Drivers/STM32F3xx_HAL_Driver/Src/stm32f3xx_hal_rcc_ex.o

.debug_aranges  0x0000000000000000      0xd50
 .debug_aranges
                0x0000000000000000       0x48 ./App/Src/App.o
 .debug_aranges
                0x0000000000000048       0x58 ./App/Src/FLASH_Handler.o
 .debug_aranges
                0x00000000000000a0       0xb0 ./App/Src/MLX90621_API.o
 .debug_aranges
                0x0000000000000150       0x48 ./App/Src/MLX90621_I2C_Driver.o
 .debug_aranges
                0x0000000000000198       0x30 ./Core/Src/can.o
 .debug_aranges
                0x00000000000001c8       0x20 ./Core/Src/gpio.o
 .debug_aranges
                0x00000000000001e8       0x30 ./Core/Src/i2c.o
 .debug_aranges
                0x0000000000000218       0x30 ./Core/Src/main.o
 .debug_aranges
                0x0000000000000248       0x20 ./Core/Src/stm32f3xx_hal_msp.o
 .debug_aranges
                0x0000000000000268       0x90 ./Core/Src/stm32f3xx_it.o
 .debug_aranges
                0x00000000000002f8       0x28 ./Core/Src/system_stm32f3xx.o
 .debug_aranges
                0x0000000000000320       0x28 ./Core/Startup/startup_stm32f302k8ux.o
 .debug_aranges
                0x0000000000000348       0x30 ./Drivers/CAN_LIB/src/CAN_FIFO.o
 .debug_aranges
                0x0000000000000378       0xb8 ./Drivers/CAN_LIB/src/CAN_LIB.o
 .debug_aranges
                0x0000000000000430       0x50 ./Drivers/CAN_LIB/src/CAN_LIB_HW.o
 .debug_aranges
                0x0000000000000480       0xe0 ./Drivers/STM32F3xx_HAL_Driver/Src/stm32f3xx_hal.o
 .debug_aranges
                0x0000000000000560      0x138 ./Drivers/STM32F3xx_HAL_Driver/Src/stm32f3xx_hal_can.o
 .debug_aranges
                0x0000000000000698      0x100 ./Drivers/STM32F3xx_HAL_Driver/Src/stm32f3xx_hal_cortex.o
 .debug_aranges
                0x0000000000000798       0x88 ./Drivers/STM32F3xx_HAL_Driver/Src/stm32f3xx_hal_dma.o
 .debug_aranges
                0x0000000000000820       0x88 ./Drivers/STM32F3xx_HAL_Driver/Src/stm32f3xx_hal_flash.o
 .debug_aranges
                0x00000000000008a8       0x98 ./Drivers/STM32F3xx_HAL_Driver/Src/stm32f3xx_hal_flash_ex.o
 .debug_aranges
                0x0000000000000940       0x58 ./Drivers/STM32F3xx_HAL_Driver/Src/stm32f3xx_hal_gpio.o
 .debug_aranges
                0x0000000000000998      0x2b0 ./Drivers/STM32F3xx_HAL_Driver/Src/stm32f3xx_hal_i2c.o
 .debug_aranges
                0x0000000000000c48       0x48 ./Drivers/STM32F3xx_HAL_Driver/Src/stm32f3xx_hal_i2c_ex.o
 .debug_aranges
                0x0000000000000c90       0x88 ./Drivers/STM32F3xx_HAL_Driver/Src/stm32f3xx_hal_rcc.o
 .debug_aranges
                0x0000000000000d18       0x38 ./Drivers/STM32F3xx_HAL_Driver/Src/stm32f3xx_hal_rcc_ex.o

.debug_rnglists
                0x0000000000000000      0x9ff
 .debug_rnglists
                0x0000000000000000       0x35 ./App/Src/App.o
 .debug_rnglists
                0x0000000000000035       0x3f ./App/Src/FLASH_Handler.o
 .debug_rnglists
                0x0000000000000074       0x86 ./App/Src/MLX90621_API.o
 .debug_rnglists
                0x00000000000000fa       0x33 ./App/Src/MLX90621_I2C_Driver.o
 .debug_rnglists
                0x000000000000012d       0x20 ./Core/Src/can.o
 .debug_rnglists
                0x000000000000014d       0x14 ./Core/Src/gpio.o
 .debug_rnglists
                0x0000000000000161       0x21 ./Core/Src/i2c.o
 .debug_rnglists
                0x0000000000000182       0x20 ./Core/Src/main.o
 .debug_rnglists
                0x00000000000001a2       0x13 ./Core/Src/stm32f3xx_hal_msp.o
 .debug_rnglists
                0x00000000000001b5       0x67 ./Core/Src/stm32f3xx_it.o
 .debug_rnglists
                0x000000000000021c       0x1a ./Core/Src/system_stm32f3xx.o
 .debug_rnglists
                0x0000000000000236       0x19 ./Core/Startup/startup_stm32f302k8ux.o
 .debug_rnglists
                0x000000000000024f       0x20 ./Drivers/CAN_LIB/src/CAN_FIFO.o
 .debug_rnglists
                0x000000000000026f       0x90 ./Drivers/CAN_LIB/src/CAN_LIB.o
 .debug_rnglists
                0x00000000000002ff       0x3a ./Drivers/CAN_LIB/src/CAN_LIB_HW.o
 .debug_rnglists
                0x0000000000000339       0xa3 ./Drivers/STM32F3xx_HAL_Driver/Src/stm32f3xx_hal.o
 .debug_rnglists
                0x00000000000003dc       0xee ./Drivers/STM32F3xx_HAL_Driver/Src/stm32f3xx_hal_can.o
 .debug_rnglists
                0x00000000000004ca       0xbb ./Drivers/STM32F3xx_HAL_Driver/Src/stm32f3xx_hal_cortex.o
 .debug_rnglists
                0x0000000000000585       0x69 ./Drivers/STM32F3xx_HAL_Driver/Src/stm32f3xx_hal_dma.o
 .debug_rnglists
                0x00000000000005ee       0x65 ./Drivers/STM32F3xx_HAL_Driver/Src/stm32f3xx_hal_flash.o
 .debug_rnglists
                0x0000000000000653       0x74 ./Drivers/STM32F3xx_HAL_Driver/Src/stm32f3xx_hal_flash_ex.o
 .debug_rnglists
                0x00000000000006c7       0x3f ./Drivers/STM32F3xx_HAL_Driver/Src/stm32f3xx_hal_gpio.o
 .debug_rnglists
                0x0000000000000706      0x236 ./Drivers/STM32F3xx_HAL_Driver/Src/stm32f3xx_hal_i2c.o
 .debug_rnglists
                0x000000000000093c       0x35 ./Drivers/STM32F3xx_HAL_Driver/Src/stm32f3xx_hal_i2c_ex.o
 .debug_rnglists
                0x0000000000000971       0x66 ./Drivers/STM32F3xx_HAL_Driver/Src/stm32f3xx_hal_rcc.o
 .debug_rnglists
                0x00000000000009d7       0x28 ./Drivers/STM32F3xx_HAL_Driver/Src/stm32f3xx_hal_rcc_ex.o

.debug_macro    0x0000000000000000    0x1c55a
 .debug_macro   0x0000000000000000      0x1fa ./App/Src/App.o
 .debug_macro   0x00000000000001fa      0xaa8 ./App/Src/App.o
 .debug_macro   0x0000000000000ca2       0x10 ./App/Src/App.o
 .debug_macro   0x0000000000000cb2      0x151 ./App/Src/App.o
 .debug_macro   0x0000000000000e03       0x2e ./App/Src/App.o
 .debug_macro   0x0000000000000e31       0x28 ./App/Src/App.o
 .debug_macro   0x0000000000000e59       0x22 ./App/Src/App.o
 .debug_macro   0x0000000000000e7b       0x8e ./App/Src/App.o
 .debug_macro   0x0000000000000f09       0x51 ./App/Src/App.o
 .debug_macro   0x0000000000000f5a      0x103 ./App/Src/App.o
 .debug_macro   0x000000000000105d       0x6a ./App/Src/App.o
 .debug_macro   0x00000000000010c7      0x1df ./App/Src/App.o
 .debug_macro   0x00000000000012a6       0x1c ./App/Src/App.o
 .debug_macro   0x00000000000012c2       0x22 ./App/Src/App.o
 .debug_macro   0x00000000000012e4       0xd9 ./App/Src/App.o
 .debug_macro   0x00000000000013bd      0xf07 ./App/Src/App.o
 .debug_macro   0x00000000000022c4    0x110e8 ./App/Src/App.o
 .debug_macro   0x00000000000133ac       0x6d ./App/Src/App.o
 .debug_macro   0x0000000000013419     0x3558 ./App/Src/App.o
 .debug_macro   0x0000000000016971      0x174 ./App/Src/App.o
 .debug_macro   0x0000000000016ae5       0x55 ./App/Src/App.o
 .debug_macro   0x0000000000016b3a      0x8f8 ./App/Src/App.o
 .debug_macro   0x0000000000017432      0x41b ./App/Src/App.o
 .debug_macro   0x000000000001784d      0x1b5 ./App/Src/App.o
 .debug_macro   0x0000000000017a02      0x161 ./App/Src/App.o
 .debug_macro   0x0000000000017b63      0x1d5 ./App/Src/App.o
 .debug_macro   0x0000000000017d38      0x1bc ./App/Src/App.o
 .debug_macro   0x0000000000017ef4       0x34 ./App/Src/App.o
 .debug_macro   0x0000000000017f28       0x3c ./App/Src/App.o
 .debug_macro   0x0000000000017f64       0x57 ./App/Src/App.o
 .debug_macro   0x0000000000017fbb      0x408 ./App/Src/App.o
 .debug_macro   0x00000000000183c3       0xc5 ./App/Src/App.o
 .debug_macro   0x0000000000018488      0x19f ./App/Src/App.o
 .debug_macro   0x0000000000018627      0x22c ./App/Src/App.o
 .debug_macro   0x0000000000018853       0x5b ./App/Src/App.o
 .debug_macro   0x00000000000188ae       0xa5 ./App/Src/App.o
 .debug_macro   0x0000000000018953       0x81 ./App/Src/App.o
 .debug_macro   0x00000000000189d4       0xd3 ./App/Src/App.o
 .debug_macro   0x0000000000018aa7      0x1f7 ./App/Src/App.o
 .debug_macro   0x0000000000018c9e       0x10 ./App/Src/App.o
 .debug_macro   0x0000000000018cae       0x10 ./App/Src/App.o
 .debug_macro   0x0000000000018cbe       0x10 ./App/Src/App.o
 .debug_macro   0x0000000000018cce       0x16 ./App/Src/App.o
 .debug_macro   0x0000000000018ce4      0x2b3 ./App/Src/FLASH_Handler.o
 .debug_macro   0x0000000000018f97       0x61 ./App/Src/FLASH_Handler.o
 .debug_macro   0x0000000000018ff8       0x2a ./App/Src/FLASH_Handler.o
 .debug_macro   0x0000000000019022       0x43 ./App/Src/FLASH_Handler.o
 .debug_macro   0x0000000000019065       0x34 ./App/Src/FLASH_Handler.o
 .debug_macro   0x0000000000019099       0x16 ./App/Src/FLASH_Handler.o
 .debug_macro   0x00000000000190af       0x43 ./App/Src/FLASH_Handler.o
 .debug_macro   0x00000000000190f2       0x34 ./App/Src/FLASH_Handler.o
 .debug_macro   0x0000000000019126       0x10 ./App/Src/FLASH_Handler.o
 .debug_macro   0x0000000000019136       0x58 ./App/Src/FLASH_Handler.o
 .debug_macro   0x000000000001918e       0x8e ./App/Src/FLASH_Handler.o
 .debug_macro   0x000000000001921c       0x1c ./App/Src/FLASH_Handler.o
 .debug_macro   0x0000000000019238      0x177 ./App/Src/FLASH_Handler.o
 .debug_macro   0x00000000000193af      0x369 ./App/Src/FLASH_Handler.o
 .debug_macro   0x0000000000019718       0x10 ./App/Src/FLASH_Handler.o
 .debug_macro   0x0000000000019728       0x35 ./App/Src/FLASH_Handler.o
 .debug_macro   0x000000000001975d       0x20 ./App/Src/FLASH_Handler.o
 .debug_macro   0x000000000001977d       0x1c ./App/Src/FLASH_Handler.o
 .debug_macro   0x0000000000019799       0x10 ./App/Src/FLASH_Handler.o
 .debug_macro   0x00000000000197a9       0x1c ./App/Src/FLASH_Handler.o
 .debug_macro   0x00000000000197c5       0x16 ./App/Src/FLASH_Handler.o
 .debug_macro   0x00000000000197db      0x147 ./App/Src/FLASH_Handler.o
 .debug_macro   0x0000000000019922      0x274 ./App/Src/MLX90621_API.o
 .debug_macro   0x0000000000019b96      0x19b ./App/Src/MLX90621_API.o
 .debug_macro   0x0000000000019d31       0x4f ./App/Src/MLX90621_API.o
 .debug_macro   0x0000000000019d80      0x1c0 ./App/Src/MLX90621_I2C_Driver.o
 .debug_macro   0x0000000000019f40      0x1c0 ./Core/Src/can.o
 .debug_macro   0x000000000001a100      0x1c0 ./Core/Src/gpio.o
 .debug_macro   0x000000000001a2c0      0x1c0 ./Core/Src/i2c.o
 .debug_macro   0x000000000001a480      0x1d8 ./Core/Src/main.o
 .debug_macro   0x000000000001a658      0x1b6 ./Core/Src/stm32f3xx_hal_msp.o
 .debug_macro   0x000000000001a80e      0x1c0 ./Core/Src/stm32f3xx_it.o
 .debug_macro   0x000000000001a9ce      0x1a7 ./Core/Src/system_stm32f3xx.o
 .debug_macro   0x000000000001ab75      0x1c6 ./Drivers/CAN_LIB/src/CAN_FIFO.o
 .debug_macro   0x000000000001ad3b      0x2c6 ./Drivers/CAN_LIB/src/CAN_LIB.o
 .debug_macro   0x000000000001b001       0x10 ./Drivers/CAN_LIB/src/CAN_LIB.o
 .debug_macro   0x000000000001b011      0x1e7 ./Drivers/CAN_LIB/src/CAN_LIB_HW.o
 .debug_macro   0x000000000001b1f8      0x1cb ./Drivers/STM32F3xx_HAL_Driver/Src/stm32f3xx_hal.o
 .debug_macro   0x000000000001b3c3      0x1af ./Drivers/STM32F3xx_HAL_Driver/Src/stm32f3xx_hal_can.o
 .debug_macro   0x000000000001b572      0x1a7 ./Drivers/STM32F3xx_HAL_Driver/Src/stm32f3xx_hal_cortex.o
 .debug_macro   0x000000000001b719      0x1a7 ./Drivers/STM32F3xx_HAL_Driver/Src/stm32f3xx_hal_dma.o
 .debug_macro   0x000000000001b8c0      0x1a7 ./Drivers/STM32F3xx_HAL_Driver/Src/stm32f3xx_hal_flash.o
 .debug_macro   0x000000000001ba67      0x1b9 ./Drivers/STM32F3xx_HAL_Driver/Src/stm32f3xx_hal_flash_ex.o
 .debug_macro   0x000000000001bc20      0x1ae ./Drivers/STM32F3xx_HAL_Driver/Src/stm32f3xx_hal_gpio.o
 .debug_macro   0x000000000001bdce      0x273 ./Drivers/STM32F3xx_HAL_Driver/Src/stm32f3xx_hal_i2c.o
 .debug_macro   0x000000000001c041      0x1a7 ./Drivers/STM32F3xx_HAL_Driver/Src/stm32f3xx_hal_i2c_ex.o
 .debug_macro   0x000000000001c1e8      0x1cb ./Drivers/STM32F3xx_HAL_Driver/Src/stm32f3xx_hal_rcc.o
 .debug_macro   0x000000000001c3b3      0x1a7 ./Drivers/STM32F3xx_HAL_Driver/Src/stm32f3xx_hal_rcc_ex.o

.debug_line     0x0000000000000000    0x13863
 .debug_line    0x0000000000000000      0xae8 ./App/Src/App.o
 .debug_line    0x0000000000000ae8      0xaa8 ./App/Src/FLASH_Handler.o
 .debug_line    0x0000000000001590      0xf5e ./App/Src/MLX90621_API.o
 .debug_line    0x00000000000024ee      0x857 ./App/Src/MLX90621_I2C_Driver.o
 .debug_line    0x0000000000002d45      0x797 ./Core/Src/can.o
 .debug_line    0x00000000000034dc      0x72c ./Core/Src/gpio.o
 .debug_line    0x0000000000003c08      0x7b1 ./Core/Src/i2c.o
 .debug_line    0x00000000000043b9      0x7be ./Core/Src/main.o
 .debug_line    0x0000000000004b77      0x71e ./Core/Src/stm32f3xx_hal_msp.o
 .debug_line    0x0000000000005295      0x870 ./Core/Src/stm32f3xx_it.o
 .debug_line    0x0000000000005b05      0x794 ./Core/Src/system_stm32f3xx.o
 .debug_line    0x0000000000006299       0x7a ./Core/Startup/startup_stm32f302k8ux.o
 .debug_line    0x0000000000006313      0x7d7 ./Drivers/CAN_LIB/src/CAN_FIFO.o
 .debug_line    0x0000000000006aea      0xe04 ./Drivers/CAN_LIB/src/CAN_LIB.o
 .debug_line    0x00000000000078ee      0x90c ./Drivers/CAN_LIB/src/CAN_LIB_HW.o
 .debug_line    0x00000000000081fa      0x9c9 ./Drivers/STM32F3xx_HAL_Driver/Src/stm32f3xx_hal.o
 .debug_line    0x0000000000008bc3     0x116e ./Drivers/STM32F3xx_HAL_Driver/Src/stm32f3xx_hal_can.o
 .debug_line    0x0000000000009d31      0xbb1 ./Drivers/STM32F3xx_HAL_Driver/Src/stm32f3xx_hal_cortex.o
 .debug_line    0x000000000000a8e2      0xcb7 ./Drivers/STM32F3xx_HAL_Driver/Src/stm32f3xx_hal_dma.o
 .debug_line    0x000000000000b599      0xa5f ./Drivers/STM32F3xx_HAL_Driver/Src/stm32f3xx_hal_flash.o
 .debug_line    0x000000000000bff8      0xb66 ./Drivers/STM32F3xx_HAL_Driver/Src/stm32f3xx_hal_flash_ex.o
 .debug_line    0x000000000000cb5e      0xb14 ./Drivers/STM32F3xx_HAL_Driver/Src/stm32f3xx_hal_gpio.o
 .debug_line    0x000000000000d672     0x390f ./Drivers/STM32F3xx_HAL_Driver/Src/stm32f3xx_hal_i2c.o
 .debug_line    0x0000000000010f81      0x93b ./Drivers/STM32F3xx_HAL_Driver/Src/stm32f3xx_hal_i2c_ex.o
 .debug_line    0x00000000000118bc     0x13a4 ./Drivers/STM32F3xx_HAL_Driver/Src/stm32f3xx_hal_rcc.o
 .debug_line    0x0000000000012c60      0xc03 ./Drivers/STM32F3xx_HAL_Driver/Src/stm32f3xx_hal_rcc_ex.o

.debug_str      0x0000000000000000    0x9cb17
 .debug_str     0x0000000000000000    0x94d76 ./App/Src/App.o
                                      0x9505a (size before relaxing)
 .debug_str     0x0000000000094d76     0x398e ./App/Src/FLASH_Handler.o
                                      0x9830d (size before relaxing)
 .debug_str     0x0000000000098704      0xa22 ./App/Src/MLX90621_API.o
                                      0x985ae (size before relaxing)
 .debug_str     0x0000000000099126      0x4f0 ./App/Src/MLX90621_I2C_Driver.o
                                      0x94f4d (size before relaxing)
 .debug_str     0x0000000000099616      0x3d3 ./Core/Src/can.o
                                      0x950e7 (size before relaxing)
 .debug_str     0x00000000000999e9       0x68 ./Core/Src/gpio.o
                                      0x94a57 (size before relaxing)
 .debug_str     0x0000000000099a51       0x63 ./Core/Src/i2c.o
                                      0x95312 (size before relaxing)
 .debug_str     0x0000000000099ab4      0x2b4 ./Core/Src/main.o
                                      0x94c51 (size before relaxing)
 .debug_str     0x0000000000099d68       0x2c ./Core/Src/stm32f3xx_hal_msp.o
                                      0x9498c (size before relaxing)
 .debug_str     0x0000000000099d94      0x154 ./Core/Src/stm32f3xx_it.o
                                      0x951f5 (size before relaxing)
 .debug_str     0x0000000000099ee8       0xdf ./Core/Src/system_stm32f3xx.o
                                      0x94a23 (size before relaxing)
 .debug_str     0x0000000000099fc7       0x34 ./Core/Startup/startup_stm32f302k8ux.o
                                         0x70 (size before relaxing)
 .debug_str     0x0000000000099ffb       0x7e ./Drivers/CAN_LIB/src/CAN_FIFO.o
                                      0x949aa (size before relaxing)
 .debug_str     0x000000000009a079      0x4d4 ./Drivers/CAN_LIB/src/CAN_LIB.o
                                      0x98bde (size before relaxing)
 .debug_str     0x000000000009a54d      0x225 ./Drivers/CAN_LIB/src/CAN_LIB_HW.o
                                      0x9501b (size before relaxing)