../App/Src/MLX90621_API.c:30:5:MLX90621_DumpEE	16	static
../App/Src/MLX90621_API.c:36:5:MLX90621_GetFrameData	32	static
../App/Src/MLX90621_API.c:45:5:MLX90621_Configure	24	static
../App/Src/MLX90621_API.c:65:5:MLX90621_GetOscillatorTrim	32	static
../App/Src/MLX90621_API.c:74:5:MLX90621_GetConfiguration	32	static
../App/Src/MLX90621_API.c:84:5:MLX90621_ExtractParameters	24	static
../App/Src/MLX90621_API.c:101:5:MLX90621_SetResolution	32	static
../App/Src/MLX90621_API.c:122:5:MLX90621_GetCurResolution	24	static
../App/Src/MLX90621_API.c:140:5:MLX90621_SetRefreshRate	32	static
../App/Src/MLX90621_API.c:161:5:MLX90621_GetRefreshRate	24	static
../App/Src/MLX90621_API.c:179:6:MLX90621_CalculateTo	88	static
../App/Src/MLX90621_API.c:240:6:MLX90621_GetImage	48	static
../App/Src/MLX90621_API.c:282:7:MLX90621_GetTa	32	static
../App/Src/MLX90621_API.c:305:6:ExtractPTATParameters	40	static
../App/Src/MLX90621_API.c:349:6:ExtractTgcParameters	24	static
../App/Src/MLX90621_API.c:359:6:ExtractKsTaParameters	24	static
../App/Src/MLX90621_API.c:374:6:ExtractKsToParameters	24	static
../App/Src/MLX90621_API.c:393:6:ExtractAlphaParameters	56	static
../App/Src/MLX90621_API.c:426:6:ExtractOffsetParameters	48	static
